09-09-2026 00:03:37 RAM 1974/7620MB (lfb 18x4MB) SWAP 388/3810MB (cached 1MB) CPU [3%@1728,3%@1728,3%@1728,2%@1728,6%@1728,11%@1728] GR3D_FREQ 0% cpu@56C soc2@55.25C soc0@55.437C gpu@56.593C tj@56.75C soc1@56.75C VDD_IN 7089mW/7089mW VDD_CPU_GPU_CV 1698mW/1698mW VDD_SOC 2386mW/2386mW
09-09-2026 00:03:38 RAM 1974/7620MB (lfb 18x4MB) SWAP 388/3810MB (cached 1MB) CPU [1%@1728,0%@1728,0%@1728,0%@1728,4%@1728,0%@1728] GR3D_FREQ 0% cpu@55.906C soc2@55.218C soc0@55.562C gpu@56.625C tj@56.843C soc1@56.843C VDD_IN 6927mW/7008mW VDD_CPU_GPU_CV 1577mW/1638mW VDD_SOC 2345mW/2366mW
09-09-2026 00:03:39 RAM 1978/7620MB (lfb 18x4MB) SWAP 388/3810MB (cached 1MB) CPU [5%@1728,7%@1728,14%@1728,9%@1728,20%@1728,8%@1728] GR3D_FREQ 0% cpu@56.093C soc2@55.218C soc0@55.468C gpu@56.687C tj@56.843C soc1@56.843C VDD_IN 7211mW/7076mW VDD_CPU_GPU_CV 1779mW/1685mW VDD_SOC 2386mW/2372mW
09-09-2026 00:03:40 RAM 1978/7620MB (lfb 18x4MB) SWAP 388/3810MB (cached 1MB) CPU [1%@1728,5%@1728,0%@1728,1%@1728,0%@1728,4%@1728] GR3D_FREQ 0% cpu@55.812C soc2@55.312C soc0@55.375C gpu@56.687C tj@56.937C soc1@56.937C VDD_IN 7454mW/7170mW VDD_CPU_GPU_CV 1938mW/1748mW VDD_SOC 2426mW/2386mW
09-09-2026 00:03:41 RAM 1978/7620MB (lfb 18x4MB) SWAP 388/3810MB (cached 1MB) CPU [0%@1728,0%@1728,0%@1728,0%@1728,0%@1728,5%@1728] GR3D_FREQ 0% cpu@55.875C soc2@55.25C soc0@55.5C gpu@56.687C tj@57C soc1@57C VDD_IN 6968mW/7130mW VDD_CPU_GPU_CV 1617mW/1722mW VDD_SOC 2345mW/2378mW
09-09-2026 00:03:42 RAM 1977/7620MB (lfb 18x4MB) SWAP 388/3810MB (cached 1MB) CPU [1%@1728,0%@1728,0%@1728,1%@1728,0%@1728,5%@1728] GR3D_FREQ 0% cpu@55.781C soc2@55.218C soc0@55.468C gpu@56.593C tj@56.781C soc1@56.781C VDD_IN 6927mW/7096mW VDD_CPU_GPU_CV 1577mW/1698mW VDD_SOC 2345mW/2372mW
09-09-2026 00:03:43 RAM 1977/7620MB (lfb 18x4MB) SWAP 388/3810MB (cached 1MB) CPU [1%@1728,0%@1728,0%@1728,0%@1728,0%@1728,5%@1728] GR3D_FREQ 0% cpu@55.875C soc2@55.218C soc0@55.437C gpu@56.75C tj@56.812C soc1@56.812C VDD_IN 7049mW/7089mW VDD_CPU_GPU_CV 1658mW/1692mW VDD_SOC 2386mW/2374mW
09-09-2026 00:03:44 RAM 1977/7620MB (lfb 18x4MB) SWAP 388/3810MB (cached 1MB) CPU [0%@1728,0%@1728,2%@1728,0%@1728,0%@1728,3%@1728] GR3D_FREQ 0% cpu@56.156C soc2@55.25C soc0@55.656C gpu@56.812C tj@56.812C soc1@56.812C VDD_IN 6968mW/7074mW VDD_CPU_GPU_CV 1577mW/1678mW VDD_SOC 2345mW/2371mW
09-09-2026 00:03:45 RAM 1977/7620MB (lfb 18x4MB) SWAP 388/3810MB (cached 1MB) CPU [9%@1728,18%@1728,8%@1728,8%@1728,9%@1728,17%@1728] GR3D_FREQ 0% cpu@55.875C soc2@55.312C soc0@55.343C gpu@56.718C tj@56.937C soc1@56.937C VDD_IN 7251mW/7094mW VDD_CPU_GPU_CV 1820mW/1693mW VDD_SOC 2386mW/2372mW
09-09-2026 00:03:46 RAM 1977/7620MB (lfb 18x4MB) SWAP 388/3810MB (cached 1MB) CPU [0%@1728,0%@1728,0%@1728,0%@1728,5%@1728,5%@1728] GR3D_FREQ 0% cpu@56.25C soc2@55.375C soc0@55.531C gpu@56.843C tj@56.906C soc1@56.906C VDD_IN 8089mW/7193mW VDD_CPU_GPU_CV 2342mW/1758mW VDD_SOC 2548mW/2390mW
09-09-2026 00:03:47 RAM 1978/7620MB (lfb 18x4MB) SWAP 388/3810MB (cached 1MB) CPU [2%@1728,0%@1728,0%@1728,0%@1728,0%@1728,5%@1728] GR3D_FREQ 0% cpu@55.906C soc2@55.281C soc0@55.437C gpu@56.812C tj@57C soc1@57C VDD_IN 7049mW/7180mW VDD_CPU_GPU_CV 1658mW/1749mW VDD_SOC 2386mW/2389mW
09-09-2026 00:03:48 RAM 1981/7620MB (lfb 18x4MB) SWAP 388/3810MB (cached 1MB) CPU [4%@1728,6%@1728,11%@1728,3%@1728,6%@1728,17%@1728] GR3D_FREQ 0% cpu@56.343C soc2@55.281C soc0@55.437C gpu@56.75C tj@56.843C soc1@56.843C VDD_IN 7454mW/7203mW VDD_CPU_GPU_CV 1938mW/1765mW VDD_SOC 2386mW/2389mW
09-09-2026 00:03:49 RAM 1980/7620MB (lfb 18x4MB) SWAP 388/3810MB (cached 1MB) CPU [0%@1728,3%@1728,4%@1728,1%@1728,14%@1728,6%@1728] GR3D_FREQ 0% cpu@55.937C soc2@55.25C soc0@55.562C gpu@56.843C tj@56.843C soc1@56.75C VDD_IN 7008mW/7188mW VDD_CPU_GPU_CV 1658mW/1757mW VDD_SOC 2345mW/2386mW
09-09-2026 00:03:50 RAM 1980/7620MB (lfb 18x4MB) SWAP 388/3810MB (cached 1MB) CPU [1%@1728,0%@1728,0%@1728,0%@1728,5%@1728,0%@1728] GR3D_FREQ 0% cpu@55.968C soc2@55.156C soc0@55.531C gpu@56.843C tj@56.843C soc1@56.781C VDD_IN 6927mW/7169mW VDD_CPU_GPU_CV 1577mW/1744mW VDD_SOC 2345mW/2383mW
09-09-2026 00:03:51 RAM 1980/7620MB (lfb 18x4MB) SWAP 388/3810MB (cached 1MB) CPU [3%@1728,0%@1728,0%@1728,0%@1728,3%@1728,1%@1728] GR3D_FREQ 0% cpu@56.156C soc2@55.187C soc0@55.343C gpu@56.406C tj@56.843C soc1@56.843C VDD_IN 7089mW/7164mW VDD_CPU_GPU_CV 1698mW/1741mW VDD_SOC 2386mW/2383mW
09-09-2026 00:03:52 RAM 1980/7620MB (lfb 18x4MB) SWAP 388/3810MB (cached 1MB) CPU [3%@1728,0%@1728,1%@1728,1%@1728,7%@1728,0%@1728] GR3D_FREQ 98% cpu@56.031C soc2@55.937C soc0@55.5C gpu@56.656C tj@56.875C soc1@56.875C VDD_IN 7887mW/7209mW VDD_CPU_GPU_CV 2261mW/1773mW VDD_SOC 2507mW/2391mW
09-09-2026 00:03:53 RAM 1980/7620MB (lfb 18x4MB) SWAP 388/3810MB (cached 1MB) CPU [3%@1728,0%@1728,0%@1728,0%@1728,0%@1728,5%@1728] GR3D_FREQ 0% cpu@55.812C soc2@55.312C soc0@55.375C gpu@56.562C tj@57C soc1@57C VDD_IN 7008mW/7197mW VDD_CPU_GPU_CV 1658mW/1767mW VDD_SOC 2386mW/2391mW
09-09-2026 00:03:54 RAM 1980/7620MB (lfb 18x4MB) SWAP 388/3810MB (cached 1MB) CPU [0%@1728,0%@1728,0%@1728,0%@1728,0%@1728,3%@1728] GR3D_FREQ 0% cpu@55.843C soc2@55.281C soc0@55.5C gpu@56.531C tj@56.781C soc1@56.781C VDD_IN 6927mW/7182mW VDD_CPU_GPU_CV 1577mW/1756mW VDD_SOC 2345mW/2388mW
09-09-2026 00:03:55 RAM 1980/7620MB (lfb 18x4MB) SWAP 388/3810MB (cached 1MB) CPU [2%@1728,0%@1728,0%@1728,0%@1728,0%@1728,5%@1728] GR3D_FREQ 0% cpu@56C soc2@55.312C soc0@55.593C gpu@56.625C tj@56.843C soc1@56.843C VDD_IN 7697mW/7209mW VDD_CPU_GPU_CV 2059mW/1772mW VDD_SOC 2467mW/2392mW
09-09-2026 00:03:56 RAM 1981/7620MB (lfb 18x4MB) SWAP 388/3810MB (cached 1MB) CPU [0%@1728,0%@1728,0%@1728,0%@1728,0%@1728,5%@1728] GR3D_FREQ 0% cpu@56.156C soc2@55.218C soc0@55.531C gpu@56.562C tj@56.781C soc1@56.781C VDD_IN 7008mW/7199mW VDD_CPU_GPU_CV 1617mW/1764mW VDD_SOC 2386mW/2392mW
09-09-2026 00:03:57 RAM 1981/7620MB (lfb 18x4MB) SWAP 388/3810MB (cached 1MB) CPU [2%@1728,0%@1728,0%@1728,0%@1728,0%@1728,5%@1728] GR3D_FREQ 0% cpu@56C soc2@55.187C soc0@55.343C gpu@56.562C tj@56.781C soc1@56.781C VDD_IN 6927mW/7186mW VDD_CPU_GPU_CV 1577mW/1755mW VDD_SOC 2345mW/2390mW
09-09-2026 00:03:58 RAM 1981/7620MB (lfb 18x4MB) SWAP 388/3810MB (cached 1MB) CPU [1%@1728,0%@1728,0%@1728,1%@1728,5%@1728,0%@1728] GR3D_FREQ 0% cpu@55.875C soc2@55.187C soc0@55.343C gpu@56.625C tj@56.75C soc1@56.937C VDD_IN 6927mW/7175mW VDD_CPU_GPU_CV 1577mW/1747mW VDD_SOC 2345mW/2388mW
09-09-2026 00:03:59 RAM 1981/7620MB (lfb 18x4MB) SWAP 388/3810MB (cached 1MB) CPU [0%@1728,0%@1728,0%@1728,1%@1728,5%@1728,0%@1728] GR3D_FREQ 0% cpu@55.812C soc2@55.25C soc0@55.343C gpu@56.562C tj@57C soc1@57C VDD_IN 6927mW/7164mW VDD_CPU_GPU_CV 1577mW/1740mW VDD_SOC 2345mW/2386mW
09-09-2026 00:04:00 RAM 1981/7620MB (lfb 18x4MB) SWAP 388/3810MB (cached 1MB) CPU [2%@1728,0%@1728,0%@1728,2%@1728,5%@1728,3%@1728] GR3D_FREQ 0% cpu@55.875C soc2@55.281C soc0@55.406C gpu@56.687C tj@56.843C soc1@56.843C VDD_IN 7089mW/7161mW VDD_CPU_GPU_CV 1698mW/1738mW VDD_SOC 2386mW/2386mW
09-09-2026 00:04:01 RAM 1981/7620MB (lfb 18x4MB) SWAP 388/3810MB (cached 1MB) CPU [0%@1728,0%@1728,0%@1728,0%@1728,5%@1728,0%@1728] GR3D_FREQ 0% cpu@55.812C soc2@55.218C soc0@55.406C gpu@56.687C tj@56.75C soc1@56.75C VDD_IN 6927mW/7151mW VDD_CPU_GPU_CV 1577mW/1732mW VDD_SOC 2345mW/2384mW
09-09-2026 00:04:02 RAM 1981/7620MB (lfb 18x4MB) SWAP 388/3810MB (cached 1MB) CPU [0%@1728,0%@1728,0%@1728,1%@1728,5%@1728,0%@1728] GR3D_FREQ 0% cpu@55.875C soc2@55.218C soc0@55.531C gpu@56.687C tj@56.75C soc1@56.75C VDD_IN 6927mW/7143mW VDD_CPU_GPU_CV 1577mW/1726mW VDD_SOC 2349mW/2383mW
09-09-2026 00:04:03 RAM 1981/7620MB (lfb 18x4MB) SWAP 388/3810MB (cached 1MB) CPU [0%@1728,0%@1728,0%@1728,0%@1728,4%@1728,0%@1728] GR3D_FREQ 0% cpu@55.968C soc2@55.156C soc0@55.343C gpu@56.625C tj@56.875C soc1@56.875C VDD_IN 6927mW/7135mW VDD_CPU_GPU_CV 1577mW/1720mW VDD_SOC 2345mW/2381mW
09-09-2026 00:04:04 RAM 1981/7620MB (lfb 18x4MB) SWAP 388/3810MB (cached 1MB) CPU [0%@1728,0%@1728,0%@1728,0%@1728,5%@1728,0%@1728] GR3D_FREQ 0% cpu@56.218C soc2@55.218C soc0@55.343C gpu@56.593C tj@56.812C soc1@56.812C VDD_IN 6927mW/7127mW VDD_CPU_GPU_CV 1577mW/1715mW VDD_SOC 2345mW/2380mW
09-09-2026 00:04:05 RAM 1985/7620MB (lfb 18x4MB) SWAP 388/3810MB (cached 1MB) CPU [0%@1728,0%@1728,0%@1728,0%@1728,5%@1728,3%@1728] GR3D_FREQ 0% cpu@55.843C soc2@55.187C soc0@55.375C gpu@56.687C tj@57C soc1@57C VDD_IN 7292mW/7133mW VDD_CPU_GPU_CV 1820mW/1719mW VDD_SOC 2426mW/2382mW
09-09-2026 00:04:06 RAM 1985/7620MB (lfb 18x4MB) SWAP 388/3810MB (cached 1MB) CPU [0%@1728,0%@1728,1%@1728,0%@1728,0%@1728,5%@1728] GR3D_FREQ 0% cpu@55.843C soc2@55.218C soc0@55.406C gpu@56.75C tj@56.75C soc1@56.656C VDD_IN 6968mW/7127mW VDD_CPU_GPU_CV 1577mW/1714mW VDD_SOC 2345mW/2380mW
09-09-2026 00:04:07 RAM 1985/7620MB (lfb 18x4MB) SWAP 388/3810MB (cached 1MB) CPU [1%@1728,0%@1728,0%@1728,0%@1728,3%@1728,5%@1728] GR3D_FREQ 0% cpu@55.875C soc2@55.218C soc0@55.375C gpu@56.75C tj@56.75C soc1@56.75C VDD_IN 7656mW/7145mW VDD_CPU_GPU_CV 2059mW/1725mW VDD_SOC 2467mW/2383mW
09-09-2026 00:04:08 RAM 1985/7620MB (lfb 18x4MB) SWAP 388/3810MB (cached 1MB) CPU [0%@1728,0%@1728,0%@1728,0%@1728,0%@1728,5%@1728] GR3D_FREQ 0% cpu@55.843C soc2@55.218C soc0@55.531C gpu@56.75C tj@56.75C soc1@56.75C VDD_IN 6968mW/7139mW VDD_CPU_GPU_CV 1617mW/1722mW VDD_SOC 2345mW/2382mW
09-09-2026 00:04:09 RAM 1986/7620MB (lfb 18x4MB) SWAP 388/3810MB (cached 1MB) CPU [0%@1728,1%@1728,1%@1728,0%@1728,0%@1728,5%@1728] GR3D_FREQ 0% cpu@55.968C soc2@55.187C soc0@55.562C gpu@56.75C tj@56.843C soc1@56.843C VDD_IN 6968mW/7134mW VDD_CPU_GPU_CV 1577mW/1717mW VDD_SOC 2345mW/2381mW
09-09-2026 00:04:10 RAM 1986/7620MB (lfb 18x4MB) SWAP 388/3810MB (cached 1MB) CPU [0%@1728,0%@1728,1%@1728,0%@1728,0%@1728,4%@1728] GR3D_FREQ 0% cpu@55.781C soc2@55.187C soc0@55.406C gpu@56.843C tj@56.875C soc1@56.843C VDD_IN 6927mW/7128mW VDD_CPU_GPU_CV 1577mW/1713mW VDD_SOC 2345mW/2380mW
09-09-2026 00:04:11 RAM 1986/7620MB (lfb 18x4MB) SWAP 388/3810MB (cached 1MB) CPU [0%@1728,0%@1728,0%@1728,0%@1728,0%@1728,5%@1728] GR3D_FREQ 0% cpu@56.187C soc2@55.218C soc0@55.343C gpu@56.406C tj@56.906C soc1@56.906C VDD_IN 6927mW/7122mW VDD_CPU_GPU_CV 1577mW/1709mW VDD_SOC 2345mW/2379mW
09-09-2026 00:04:12 RAM 1990/7620MB (lfb 18x4MB) SWAP 388/3810MB (cached 1MB) CPU [0%@1728,1%@1728,0%@1728,0%@1728,0%@1728,4%@1728] GR3D_FREQ 0% cpu@55.781C soc2@55.281C soc0@55.343C gpu@56.312C tj@56.656C soc1@56.656C VDD_IN 6927mW/7117mW VDD_CPU_GPU_CV 1577mW/1706mW VDD_SOC 2345mW/2378mW
09-09-2026 00:04:13 RAM 1990/7620MB (lfb 18x4MB) SWAP 388/3810MB (cached 1MB) CPU [0%@1728,0%@1728,0%@1728,0%@1728,7%@1728,0%@1728] GR3D_FREQ 0% cpu@55.843C soc2@55.25C soc0@55.406C gpu@56.343C tj@56.718C soc1@56.718C VDD_IN 7049mW/7115mW VDD_CPU_GPU_CV 1658mW/1704mW VDD_SOC 2386mW/2378mW
09-09-2026 00:04:14 RAM 1990/7620MB (lfb 18x4MB) SWAP 388/3810MB (cached 1MB) CPU [0%@1728,0%@1728,3%@1728,0%@1728,6%@1728,0%@1728] GR3D_FREQ 0% cpu@56C soc2@55.218C soc0@55.531C gpu@56.437C tj@56.718C soc1@56.718C VDD_IN 7251mW/7118mW VDD_CPU_GPU_CV 1779mW/1706mW VDD_SOC 2386mW/2378mW
09-09-2026 00:04:15 RAM 1990/7620MB (lfb 18x4MB) SWAP 388/3810MB (cached 1MB) CPU [0%@1728,2%@1728,0%@1728,0%@1728,4%@1728,0%@1728] GR3D_FREQ 0% cpu@55.937C soc2@55.218C soc0@55.562C gpu@56.5C tj@56.812C soc1@56.812C VDD_IN 6927mW/7113mW VDD_CPU_GPU_CV 1577mW/1703mW VDD_SOC 2345mW/2377mW
09-09-2026 00:04:16 RAM 1990/7620MB (lfb 18x4MB) SWAP 388/3810MB (cached 1MB) CPU [0%@1728,0%@1728,0%@1728,0%@1728,5%@1728,0%@1728] GR3D_FREQ 0% cpu@56.093C soc2@55.125C soc0@55.312C gpu@56.343C tj@56.843C soc1@56.843C VDD_IN 6927mW/7109mW VDD_CPU_GPU_CV 1577mW/1700mW VDD_SOC 2345mW/2377mW
09-09-2026 00:04:17 RAM 1991/7620MB (lfb 18x4MB) SWAP 388/3810MB (cached 1MB) CPU [0%@1728,0%@1728,0%@1728,1%@1728,5%@1728,0%@1728] GR3D_FREQ 0% cpu@55.937C soc2@55.187C soc0@55.375C gpu@56.468C tj@56.875C soc1@56.875C VDD_IN 6927mW/7104mW VDD_CPU_GPU_CV 1577mW/1697mW VDD_SOC 2345mW/2376mW
09-09-2026 00:04:18 RAM 1990/7620MB (lfb 18x4MB) SWAP 388/3810MB (cached 1MB) CPU [1%@1728,1%@1728,2%@1728,0%@1728,5%@1728,0%@1728] GR3D_FREQ 0% cpu@55.781C soc2@55.218C soc0@55.343C gpu@56.468C tj@56.968C soc1@56.968C VDD_IN 6927mW/7100mW VDD_CPU_GPU_CV 1577mW/1694mW VDD_SOC 2345mW/2375mW
09-09-2026 00:04:19 RAM 1990/7620MB (lfb 18x4MB) SWAP 388/3810MB (cached 1MB) CPU [0%@1728,0%@1728,0%@1728,0%@1728,5%@1728,0%@1728] GR3D_FREQ 0% cpu@55.75C soc2@55.312C soc0@55.406C gpu@56.437C tj@56.687C soc1@56.687C VDD_IN 6927mW/7096mW VDD_CPU_GPU_CV 1577mW/1691mW VDD_SOC 2349mW/2375mW
09-09-2026 00:04:20 RAM 1990/7620MB (lfb 18x4MB) SWAP 388/3810MB (cached 1MB) CPU [3%@1728,0%@1728,0%@1728,0%@1728,4%@1728,0%@1728] GR3D_FREQ 0% cpu@55.906C soc2@55.218C soc0@55.5C gpu@56.406C tj@56.718C soc1@56.718C VDD_IN 7413mW/7103mW VDD_CPU_GPU_CV 1898mW/1696mW VDD_SOC 2426mW/2376mW
09-09-2026 00:04:21 RAM 1990/7620MB (lfb 18x4MB) SWAP 388/3810MB (cached 1MB) CPU [0%@1728,0%@1728,0%@1728,0%@1728,5%@1728,3%@1728] GR3D_FREQ 0% cpu@56.156C soc2@55.218C soc0@55.5C gpu@56.343C tj@56.781C soc1@56.781C VDD_IN 7130mW/7104mW VDD_CPU_GPU_CV 1698mW/1696mW VDD_SOC 2386mW/2376mW
09-09-2026 00:04:22 RAM 1991/7620MB (lfb 18x4MB) SWAP 388/3810MB (cached 1MB) CPU [2%@1728,0%@1728,0%@1728,0%@1728,5%@1728,0%@1728] GR3D_FREQ 0% cpu@56C soc2@55.187C soc0@55.343C gpu@56.468C tj@56.843C soc1@56.843C VDD_IN 6968mW/7101mW VDD_CPU_GPU_CV 1577mW/1693mW VDD_SOC 2345mW/2375mW
09-09-2026 00:04:23 RAM 1991/7620MB (lfb 18x4MB) SWAP 388/3810MB (cached 1MB) CPU [0%@1728,0%@1728,0%@1728,0%@1728,5%@1728,0%@1728] GR3D_FREQ 0% cpu@55.937C soc2@55.187C soc0@55.312C gpu@56.312C tj@56.968C soc1@56.968C VDD_IN 6927mW/7097mW VDD_CPU_GPU_CV 1577mW/1691mW VDD_SOC 2345mW/2375mW
09-09-2026 00:04:24 RAM 1988/7620MB (lfb 18x4MB) SWAP 388/3810MB (cached 1MB) CPU [0%@1728,0%@1728,0%@1728,0%@1728,5%@1728,0%@1728] GR3D_FREQ 0% cpu@55.812C soc2@55.187C soc0@55.375C gpu@56.406C tj@56.906C soc1@56.906C VDD_IN 6927mW/7094mW VDD_CPU_GPU_CV 1577mW/1689mW VDD_SOC 2345mW/2374mW
09-09-2026 00:04:25 RAM 1988/7620MB (lfb 18x4MB) SWAP 388/3810MB (cached 1MB) CPU [0%@1728,1%@1728,0%@1728,0%@1728,4%@1728,0%@1728] GR3D_FREQ 0% cpu@55.843C soc2@55.125C soc0@55.343C gpu@56.437C tj@56.718C soc1@56.718C VDD_IN 6927mW/7090mW VDD_CPU_GPU_CV 1577mW/1686mW VDD_SOC 2345mW/2373mW
09-09-2026 00:04:26 RAM 1988/7620MB (lfb 18x4MB) SWAP 388/3810MB (cached 1MB) CPU [1%@1728,0%@1728,1%@1728,0%@1728,6%@1728,0%@1728] GR3D_FREQ 0% cpu@55.718C soc2@55.156C soc0@55.375C gpu@56.468C tj@56.75C soc1@56.75C VDD_IN 6927mW/7087mW VDD_CPU_GPU_CV 1577mW/1684mW VDD_SOC 2349mW/2373mW
09-09-2026 00:04:27 RAM 1988/7620MB (lfb 18x4MB) SWAP 388/3810MB (cached 1MB) CPU [1%@1728,0%@1728,1%@1728,0%@1728,4%@1728,3%@1728] GR3D_FREQ 0% cpu@55.968C soc2@55.187C soc0@55.593C gpu@56.531C tj@56.781C soc1@56.781C VDD_IN 7656mW/7098mW VDD_CPU_GPU_CV 2019mW/1691mW VDD_SOC 2467mW/2375mW
09-09-2026 00:04:28 RAM 1988/7620MB (lfb 18x4MB) SWAP 388/3810MB (cached 1MB) CPU [0%@1728,0%@1728,0%@1728,0%@1728,0%@1728,4%@1728] GR3D_FREQ 0% cpu@55.843C soc2@55.187C soc0@55.343C gpu@56.437C tj@56.781C soc1@56.781C VDD_IN 6968mW/7096mW VDD_CPU_GPU_CV 1617mW/1689mW VDD_SOC 2345mW/2374mW
09-09-2026 00:04:29 RAM 1988/7620MB (lfb 18x4MB) SWAP 388/3810MB (cached 1MB) CPU [4%@1728,0%@1728,0%@1728,0%@1728,0%@1728,3%@1728] GR3D_FREQ 0% cpu@56C soc2@55.218C soc0@55.343C gpu@56.5C tj@56.906C soc1@56.906C VDD_IN 7049mW/7095mW VDD_CPU_GPU_CV 1658mW/1689mW VDD_SOC 2386mW/2374mW
09-09-2026 00:04:30 RAM 1988/7620MB (lfb 18x4MB) SWAP 388/3810MB (cached 1MB) CPU [2%@1728,0%@1728,0%@1728,0%@1728,0%@1728,1%@1728] GR3D_FREQ 0% cpu@55.812C soc2@55.218C soc0@55.375C gpu@56.5C tj@56.968C soc1@56.968C VDD_IN 6927mW/7092mW VDD_CPU_GPU_CV 1577mW/1687mW VDD_SOC 2345mW/2374mW
09-09-2026 00:04:31 RAM 1988/7620MB (lfb 18x4MB) SWAP 388/3810MB (cached 1MB) CPU [0%@1728,0%@1728,0%@1728,0%@1728,0%@1728,2%@1728] GR3D_FREQ 0% cpu@55.812C soc2@55.031C soc0@55.375C gpu@56.468C tj@56.75C soc1@56.75C VDD_IN 6887mW/7088mW VDD_CPU_GPU_CV 1537mW/1684mW VDD_SOC 2345mW/2373mW
09-09-2026 00:04:32 RAM 1988/7620MB (lfb 18x4MB) SWAP 388/3810MB (cached 1MB) CPU [1%@1728,0%@1728,0%@1728,0%@1728,0%@1728,3%@1728] GR3D_FREQ 0% cpu@55.968C soc2@55.125C soc0@55.406C gpu@56.468C tj@56.718C soc1@56.812C VDD_IN 6887mW/7084mW VDD_CPU_GPU_CV 1537mW/1681mW VDD_SOC 2345mW/2373mW
09-09-2026 00:04:33 RAM 1988/7620MB (lfb 18x4MB) SWAP 388/3810MB (cached 1MB) CPU [0%@1728,3%@1728,1%@1728,0%@1728,0%@1728,8%@1728] GR3D_FREQ 0% cpu@55.937C soc2@55.187C soc0@55.5C gpu@56.562C tj@56.781C soc1@56.781C VDD_IN 7251mW/7087mW VDD_CPU_GPU_CV 1779mW/1683mW VDD_SOC 2386mW/2373mW
09-09-2026 00:04:34 RAM 1988/7620MB (lfb 18x4MB) SWAP 388/3810MB (cached 1MB) CPU [1%@1728,0%@1728,0%@1728,0%@1728,0%@1728,8%@1728] GR3D_FREQ 0% cpu@55.968C soc2@55.125C soc0@55.562C gpu@56.468C tj@56.75C soc1@56.75C VDD_IN 6968mW/7085mW VDD_CPU_GPU_CV 1617mW/1682mW VDD_SOC 2345mW/2373mW
09-09-2026 00:04:35 RAM 1988/7620MB (lfb 18x4MB) SWAP 388/3810MB (cached 1MB) CPU [0%@1728,0%@1728,0%@1728,0%@1728,0%@1728,10%@1728] GR3D_FREQ 0% cpu@55.812C soc2@55.218C soc0@55.343C gpu@56.5C tj@56.75C soc1@56.75C VDD_IN 6968mW/7083mW VDD_CPU_GPU_CV 1617mW/1681mW VDD_SOC 2345mW/2372mW
09-09-2026 00:04:36 RAM 1988/7620MB (lfb 18x4MB) SWAP 388/3810MB (cached 1MB) CPU [0%@1728,0%@1728,0%@1728,0%@1728,2%@1728,10%@1728] GR3D_FREQ 0% cpu@55.875C soc2@55.218C soc0@55.406C gpu@56.531C tj@56.937C soc1@56.937C VDD_IN 7697mW/7094mW VDD_CPU_GPU_CV 2059mW/1687mW VDD_SOC 2467mW/2374mW
09-09-2026 00:04:37 RAM 1991/7620MB (lfb 18x4MB) SWAP 388/3810MB (cached 1MB) CPU [2%@1728,1%@1728,1%@1728,1%@1728,0%@1728,10%@1728] GR3D_FREQ 0% cpu@55.812C soc2@55.25C soc0@55.375C gpu@56.562C tj@56.687C soc1@56.687C VDD_IN 7413mW/7099mW VDD_CPU_GPU_CV 1901mW/1691mW VDD_SOC 2426mW/2375mW
09-09-2026 00:04:38 RAM 1991/7620MB (lfb 18x4MB) SWAP 388/3810MB (cached 1MB) CPU [0%@1728,0%@1728,0%@1728,0%@1728,0%@1728,10%@1728] GR3D_FREQ 0% cpu@55.875C soc2@55.125C soc0@55.343C gpu@56.593C tj@56.687C soc1@56.781C VDD_IN 7008mW/7097mW VDD_CPU_GPU_CV 1617mW/1689mW VDD_SOC 2386mW/2375mW
09-09-2026 00:04:39 RAM 2011/7620MB (lfb 18x4MB) SWAP 388/3810MB (cached 1MB) CPU [1%@1728,6%@1728,1%@1728,0%@1728,3%@1728,10%@1728] GR3D_FREQ 0% cpu@56.093C soc2@55.281C soc0@55.562C gpu@56.75C tj@56.75C soc1@56.75C VDD_IN 8089mW/7113mW VDD_CPU_GPU_CV 2342mW/1700mW VDD_SOC 2507mW/2377mW
09-09-2026 00:04:40 RAM 2011/7620MB (lfb 18x4MB) SWAP 388/3810MB (cached 1MB) CPU [2%@1728,0%@1728,0%@1728,0%@1728,0%@1728,10%@1728] GR3D_FREQ 0% cpu@56C soc2@55.187C soc0@55.5C gpu@56.593C tj@56.781C soc1@56.781C VDD_IN 7089mW/7113mW VDD_CPU_GPU_CV 1658mW/1699mW VDD_SOC 2386mW/2377mW
09-09-2026 00:04:41 RAM 2011/7620MB (lfb 18x4MB) SWAP 388/3810MB (cached 1MB) CPU [0%@1728,0%@1728,0%@1728,0%@1728,0%@1728,11%@1728] GR3D_FREQ 0% cpu@56.156C soc2@55.25C soc0@55.25C gpu@56.625C tj@56.781C soc1@56.781C VDD_IN 7008mW/7111mW VDD_CPU_GPU_CV 1617mW/1698mW VDD_SOC 2345mW/2377mW
09-09-2026 00:04:42 RAM 2009/7620MB (lfb 18x4MB) SWAP 388/3810MB (cached 1MB) CPU [0%@1728,1%@1728,4%@1728,0%@1728,0%@1728,9%@1728] GR3D_FREQ 0% cpu@55.812C soc2@55.25C soc0@55.375C gpu@56.593C tj@56.875C soc1@56.875C VDD_IN 7575mW/7118mW VDD_CPU_GPU_CV 1978mW/1702mW VDD_SOC 2467mW/2378mW
09-09-2026 00:04:43 RAM 2010/7620MB (lfb 18x4MB) SWAP 388/3810MB (cached 1MB) CPU [0%@1728,0%@1728,0%@1728,0%@1728,6%@1728,5%@1728] GR3D_FREQ 0% cpu@55.906C soc2@55.281C soc0@55.343C gpu@56.687C tj@57C soc1@57C VDD_IN 7616mW/7125mW VDD_CPU_GPU_CV 2019mW/1707mW VDD_SOC 2467mW/2379mW
09-09-2026 00:04:44 RAM 2010/7620MB (lfb 18x4MB) SWAP 388/3810MB (cached 1MB) CPU [0%@1728,0%@1728,0%@1728,3%@1728,0%@1728,11%@1728] GR3D_FREQ 0% cpu@55.906C soc2@55.156C soc0@55.406C gpu@56.687C tj@56.718C soc1@56.812C VDD_IN 7211mW/7127mW VDD_CPU_GPU_CV 1779mW/1708mW VDD_SOC 2386mW/2379mW
09-09-2026 00:04:45 RAM 2010/7620MB (lfb 18x4MB) SWAP 388/3810MB (cached 1MB) CPU [0%@1728,1%@1728,3%@1728,0%@1728,0%@1728,9%@1728] GR3D_FREQ 57% cpu@56.281C soc2@55.781C soc0@55.5C gpu@56.812C tj@56.812C soc1@56.718C VDD_IN 7494mW/7132mW VDD_CPU_GPU_CV 1978mW/1712mW VDD_SOC 2426mW/2380mW
09-09-2026 00:04:46 RAM 2010/7620MB (lfb 18x4MB) SWAP 388/3810MB (cached 1MB) CPU [1%@1728,0%@1728,0%@1728,0%@1728,1%@1728,9%@1728] GR3D_FREQ 0% cpu@56.093C soc2@55.125C soc0@55.531C gpu@56.718C tj@56.781C soc1@56.781C VDD_IN 7089mW/7131mW VDD_CPU_GPU_CV 1698mW/1712mW VDD_SOC 2386mW/2380mW
09-09-2026 00:04:47 RAM 2010/7620MB (lfb 18x4MB) SWAP 388/3810MB (cached 1MB) CPU [3%@1728,3%@1728,2%@1728,0%@1728,2%@1728,8%@1728] GR3D_FREQ 0% cpu@55.843C soc2@55.312C soc0@55.343C gpu@56.468C tj@56.843C soc1@56.843C VDD_IN 7373mW/7135mW VDD_CPU_GPU_CV 1857mW/1714mW VDD_SOC 2426mW/2381mW
09-09-2026 00:04:48 RAM 2010/7620MB (lfb 18x4MB) SWAP 388/3810MB (cached 1MB) CPU [0%@1728,0%@1728,0%@1728,0%@1728,0%@1728,10%@1728] GR3D_FREQ 0% cpu@55.968C soc2@55.156C soc0@55.281C gpu@56.562C tj@56.875C soc1@56.875C VDD_IN 7049mW/7134mW VDD_CPU_GPU_CV 1658mW/1713mW VDD_SOC 2386mW/2381mW
09-09-2026 00:04:49 RAM 2010/7620MB (lfb 18x4MB) SWAP 388/3810MB (cached 1MB) CPU [0%@1728,0%@1728,0%@1728,0%@1728,0%@1728,10%@1728] GR3D_FREQ 0% cpu@55.812C soc2@55.218C soc0@55.343C gpu@56.468C tj@56.937C soc1@56.937C VDD_IN 6968mW/7131mW VDD_CPU_GPU_CV 1617mW/1712mW VDD_SOC 2345mW/2380mW
09-09-2026 00:04:50 RAM 2014/7620MB (lfb 18x4MB) SWAP 388/3810MB (cached 1MB) CPU [0%@1728,0%@1728,0%@1728,3%@1728,0%@1728,9%@1728] GR3D_FREQ 0% cpu@55.937C soc2@55.218C soc0@55.468C gpu@56.562C tj@56.718C soc1@56.718C VDD_IN 7778mW/7140mW VDD_CPU_GPU_CV 2140mW/1717mW VDD_SOC 2467mW/2381mW
09-09-2026 00:04:51 RAM 2015/7620MB (lfb 18x4MB) SWAP 388/3810MB (cached 1MB) CPU [1%@1728,0%@1728,0%@1728,1%@1728,0%@1728,10%@1728] GR3D_FREQ 0% cpu@55.937C soc2@55.218C soc0@55.562C gpu@56.5C tj@56.781C soc1@56.781C VDD_IN 7049mW/7139mW VDD_CPU_GPU_CV 1658mW/1717mW VDD_SOC 2386mW/2382mW
09-09-2026 00:04:52 RAM 2014/7620MB (lfb 18x4MB) SWAP 388/3810MB (cached 1MB) CPU [0%@1728,0%@1728,0%@1728,1%@1728,0%@1728,10%@1728] GR3D_FREQ 0% cpu@55.937C soc2@55.218C soc0@55.312C gpu@56.5C tj@56.843C soc1@56.843C VDD_IN 7008mW/7137mW VDD_CPU_GPU_CV 1617mW/1715mW VDD_SOC 2345mW/2381mW
09-09-2026 00:04:53 RAM 2014/7620MB (lfb 18x4MB) SWAP 388/3810MB (cached 1MB) CPU [8%@1728,0%@1728,0%@1728,0%@1728,0%@1728,10%@1728] GR3D_FREQ 0% cpu@56.031C soc2@55.312C soc0@55.5C gpu@56.593C tj@56.906C soc1@56.906C VDD_IN 8372mW/7153mW VDD_CPU_GPU_CV 2503mW/1725mW VDD_SOC 2588mW/2384mW
09-09-2026 00:04:54 RAM 2014/7620MB (lfb 18x4MB) SWAP 388/3810MB (cached 1MB) CPU [1%@1728,0%@1728,1%@1728,3%@1728,0%@1728,10%@1728] GR3D_FREQ 0% cpu@56.062C soc2@55.437C soc0@55.468C gpu@56.625C tj@56.875C soc1@56.875C VDD_IN 8049mW/7165mW VDD_CPU_GPU_CV 2301mW/1733mW VDD_SOC 2507mW/2385mW
09-09-2026 00:04:55 RAM 2014/7620MB (lfb 18x4MB) SWAP 388/3810MB (cached 1MB) CPU [0%@1728,0%@1728,0%@1728,0%@1728,0%@1728,9%@1728] GR3D_FREQ 0% cpu@55.812C soc2@55.281C soc0@55.437C gpu@56.562C tj@56.937C soc1@56.937C VDD_IN 7089mW/7164mW VDD_CPU_GPU_CV 1658mW/1732mW VDD_SOC 2386mW/2385mW
09-09-2026 00:04:56 RAM 2015/7620MB (lfb 18x4MB) SWAP 388/3810MB (cached 1MB) CPU [0%@1728,1%@1728,0%@1728,0%@1728,0%@1728,10%@1728] GR3D_FREQ 0% cpu@55.843C soc2@55.281C soc0@55.437C gpu@56.562C tj@56.718C soc1@56.718C VDD_IN 6968mW/7161mW VDD_CPU_GPU_CV 1617mW/1730mW VDD_SOC 2345mW/2385mW
09-09-2026 00:04:57 RAM 2015/7620MB (lfb 18x4MB) SWAP 388/3810MB (cached 1MB) CPU [1%@1728,0%@1728,3%@1728,1%@1728,0%@1728,9%@1728] GR3D_FREQ 0% cpu@56.031C soc2@55.218C soc0@55.5C gpu@56.593C tj@56.781C soc1@56.781C VDD_IN 7373mW/7164mW VDD_CPU_GPU_CV 1860mW/1732mW VDD_SOC 2426mW/2385mW
09-09-2026 00:04:58 RAM 2015/7620MB (lfb 18x4MB) SWAP 388/3810MB (cached 1MB) CPU [0%@1728,0%@1728,0%@1728,0%@1728,0%@1728,10%@1728] GR3D_FREQ 0% cpu@56C soc2@55.187C soc0@55.343C gpu@56.625C tj@56.781C soc1@56.781C VDD_IN 7008mW/7162mW VDD_CPU_GPU_CV 1617mW/1731mW VDD_SOC 2345mW/2385mW
09-09-2026 00:04:59 RAM 2015/7620MB (lfb 18x4MB) SWAP 388/3810MB (cached 1MB) CPU [0%@1728,0%@1728,0%@1728,0%@1728,0%@1728,9%@1728] GR3D_FREQ 0% cpu@56C soc2@55.093C soc0@55.406C gpu@56.593C tj@56.812C soc1@56.812C VDD_IN 6968mW/7160mW VDD_CPU_GPU_CV 1617mW/1729mW VDD_SOC 2345mW/2384mW
09-09-2026 00:05:00 RAM 2016/7620MB (lfb 18x4MB) SWAP 388/3810MB (cached 1MB) CPU [3%@1728,1%@1728,2%@1728,0%@1728,3%@1728,9%@1728] GR3D_FREQ 0% cpu@55.875C soc2@55.25C soc0@55.5C gpu@56.625C tj@56.843C soc1@56.843C VDD_IN 7656mW/7166mW VDD_CPU_GPU_CV 2059mW/1733mW VDD_SOC 2467mW/2385mW
09-09-2026 00:05:01 RAM 2015/7620MB (lfb 18x4MB) SWAP 388/3810MB (cached 1MB) CPU [7%@1728,0%@1728,0%@1728,0%@1728,0%@1728,8%@1728] GR3D_FREQ 98% cpu@56.031C soc2@55.75C soc0@55.656C gpu@56.843C tj@56.843C soc1@56.781C VDD_IN 8291mW/7179mW VDD_CPU_GPU_CV 2463mW/1742mW VDD_SOC 2548mW/2387mW
09-09-2026 00:05:02 RAM 2017/7620MB (lfb 18x4MB) SWAP 388/3810MB (cached 1MB) CPU [0%@1728,0%@1728,0%@1728,0%@1728,0%@1728,5%@1728] GR3D_FREQ 0% cpu@55.843C soc2@55.218C soc0@55.437C gpu@56.75C tj@56.843C soc1@56.843C VDD_IN 7049mW/7177mW VDD_CPU_GPU_CV 1658mW/1741mW VDD_SOC 2386mW/2387mW
09-09-2026 00:05:03 RAM 2017/7620MB (lfb 18x4MB) SWAP 388/3810MB (cached 1MB) CPU [0%@1728,0%@1728,0%@1728,0%@1728,0%@1728,4%@1728] GR3D_FREQ 0% cpu@55.843C soc2@55.25C soc0@55.468C gpu@56.75C tj@56.75C soc1@56.718C VDD_IN 6927mW/7174mW VDD_CPU_GPU_CV 1577mW/1739mW VDD_SOC 2345mW/2387mW
09-09-2026 00:05:04 RAM 2017/7620MB (lfb 18x4MB) SWAP 388/3810MB (cached 1MB) CPU [1%@1728,0%@1728,0%@1728,0%@1728,0%@1728,5%@1728] GR3D_FREQ 0% cpu@56C soc2@55.25C soc0@55.531C gpu@56.75C tj@56.906C soc1@56.906C VDD_IN 6927mW/7172mW VDD_CPU_GPU_CV 1577mW/1737mW VDD_SOC 2349mW/2386mW
09-09-2026 00:05:05 RAM 2017/7620MB (lfb 18x4MB) SWAP 388/3810MB (cached 1MB) CPU [3%@1728,1%@1728,0%@1728,0%@1728,0%@1728,3%@1728] GR3D_FREQ 0% cpu@55.906C soc2@55.312C soc0@55.375C gpu@56.781C tj@56.812C soc1@56.812C VDD_IN 7332mW/7173mW VDD_CPU_GPU_CV 1860mW/1738mW VDD_SOC 2426mW/2387mW
09-09-2026 00:05:06 RAM 2017/7620MB (lfb 18x4MB) SWAP 388/3810MB (cached 1MB) CPU [0%@1728,0%@1728,0%@1728,1%@1728,2%@1728,12%@1728] GR3D_FREQ 0% cpu@56.125C soc2@55.281C soc0@55.343C gpu@56.75C tj@56.812C soc1@56.812C VDD_IN 7332mW/7175mW VDD_CPU_GPU_CV 1820mW/1739mW VDD_SOC 2426mW/2387mW
09-09-2026 00:05:07 RAM 2017/7620MB (lfb 18x4MB) SWAP 388/3810MB (cached 1MB) CPU [2%@1728,0%@1728,1%@1728,0%@1728,15%@1728,7%@1728] GR3D_FREQ 0% cpu@56.281C soc2@55.25C soc0@55.5C gpu@56.812C tj@56.843C soc1@56.843C VDD_IN 7170mW/7175mW VDD_CPU_GPU_CV 1739mW/1739mW VDD_SOC 2386mW/2387mW
09-09-2026 00:05:08 RAM 2018/7620MB (lfb 18x4MB) SWAP 388/3810MB (cached 1MB) CPU [0%@1728,1%@1728,0%@1728,1%@1728,0%@1728,19%@1728] GR3D_FREQ 0% cpu@55.968C soc2@55.093C soc0@55.406C gpu@56.843C tj@56.843C soc1@56.687C VDD_IN 7089mW/7174mW VDD_CPU_GPU_CV 1698mW/1739mW VDD_SOC 2386mW/2387mW
09-09-2026 00:05:09 RAM 2026/7620MB (lfb 18x4MB) SWAP 388/3810MB (cached 1MB) CPU [3%@1728,0%@1728,1%@1728,0%@1728,1%@1728,19%@1728] GR3D_FREQ 0% cpu@56.281C soc2@55.75C soc0@55.625C gpu@56.906C tj@56.906C soc1@56.781C VDD_IN 7616mW/7179mW VDD_CPU_GPU_CV 2059mW/1742mW VDD_SOC 2467mW/2388mW
09-09-2026 00:05:10 RAM 2034/7620MB (lfb 18x4MB) SWAP 388/3810MB (cached 1MB) CPU [1%@1728,3%@1728,2%@1728,4%@1728,0%@1728,20%@1728] GR3D_FREQ 0% cpu@56.125C soc2@55.312C soc0@55.687C gpu@56.968C tj@56.968C soc1@56.906C VDD_IN 7887mW/7186mW VDD_CPU_GPU_CV 2221mW/1747mW VDD_SOC 2507mW/2389mW
09-09-2026 00:05:11 RAM 2034/7620MB (lfb 18x4MB) SWAP 388/3810MB (cached 1MB) CPU [1%@1728,0%@1728,0%@1728,0%@1728,1%@1728,18%@1728] GR3D_FREQ 0% cpu@56.281C soc2@55.312C soc0@55.406C gpu@56.562C tj@56.843C soc1@56.968C VDD_IN 7170mW/7186mW VDD_CPU_GPU_CV 1779mW/1748mW VDD_SOC 2386mW/2389mW
09-09-2026 00:05:12 RAM 2039/7620MB (lfb 18x4MB) SWAP 388/3810MB (cached 1MB) CPU [4%@1728,2%@1728,10%@1728,0%@1728,12%@1728,8%@1728] GR3D_FREQ 1% cpu@56.625C soc2@55.968C soc0@55.531C gpu@56.562C tj@57C soc1@57C VDD_IN 8979mW/7205mW VDD_CPU_GPU_CV 2988mW/1761mW VDD_SOC 2669mW/2392mW
09-09-2026 00:05:13 RAM 2040/7620MB (lfb 18x4MB) SWAP 388/3810MB (cached 1MB) CPU [0%@1728,3%@1728,1%@1728,0%@1728,15%@1728,5%@1728] GR3D_FREQ 0% cpu@56.093C soc2@55.468C soc0@55.531C gpu@56.562C tj@57.156C soc1@57.156C VDD_IN 8089mW/7214mW VDD_CPU_GPU_CV 2342mW/1767mW VDD_SOC 2507mW/2393mW
09-09-2026 00:05:14 RAM 2040/7620MB (lfb 18x4MB) SWAP 388/3810MB (cached 1MB) CPU [1%@1728,0%@1728,2%@1728,1%@1728,0%@1728,19%@1728] GR3D_FREQ 0% cpu@56C soc2@55.343C soc0@55.593C gpu@56.562C tj@56.906C soc1@56.906C VDD_IN 7846mW/7221mW VDD_CPU_GPU_CV 2180mW/1771mW VDD_SOC 2467mW/2394mW
09-09-2026 00:05:15 RAM 2043/7620MB (lfb 18x4MB) SWAP 388/3810MB (cached 1MB) CPU [2%@1728,0%@1728,3%@1728,0%@1728,0%@1728,19%@1728] GR3D_FREQ 0% cpu@56.093C soc2@55.25C soc0@55.625C gpu@56.5C tj@56.937C soc1@56.937C VDD_IN 7130mW/7220mW VDD_CPU_GPU_CV 1739mW/1771mW VDD_SOC 2386mW/2394mW
09-09-2026 00:05:16 RAM 2044/7620MB (lfb 18x4MB) SWAP 388/3810MB (cached 1MB) CPU [1%@1728,0%@1728,0%@1728,0%@1728,1%@1728,21%@1728] GR3D_FREQ 0% cpu@56.25C soc2@55.312C soc0@55.656C gpu@56.437C tj@56.906C soc1@56.937C VDD_IN 7089mW/7218mW VDD_CPU_GPU_CV 1698mW/1770mW VDD_SOC 2386mW/2394mW
09-09-2026 00:05:18 RAM 2046/7620MB (lfb 18x4MB) SWAP 388/3810MB (cached 1MB) CPU [7%@1728,2%@1728,0%@1728,1%@1728,0%@1728,21%@1728] GR3D_FREQ 0% cpu@56.156C soc2@55.343C soc0@55.5C gpu@56.562C tj@56.906C soc1@56.906C VDD_IN 7373mW/7220mW VDD_CPU_GPU_CV 1898mW/1771mW VDD_SOC 2426mW/2394mW
09-09-2026 00:05:19 RAM 2046/7620MB (lfb 18x4MB) SWAP 388/3810MB (cached 1MB) CPU [1%@1728,0%@1728,0%@1728,1%@1728,1%@1728,20%@1728] GR3D_FREQ 0% cpu@56.218C soc2@55.343C soc0@55.406C gpu@56.562C tj@57C soc1@57C VDD_IN 7130mW/7219mW VDD_CPU_GPU_CV 1739mW/1771mW VDD_SOC 2386mW/2394mW
09-09-2026 00:05:20 RAM 2046/7620MB (lfb 18x4MB) SWAP 388/3810MB (cached 1MB) CPU [3%@1728,1%@1728,3%@1728,0%@1728,0%@1728,19%@1728] GR3D_FREQ 0% cpu@56.062C soc2@55.468C soc0@55.656C gpu@56.687C tj@57.125C soc1@57.125C VDD_IN 8251mW/7229mW VDD_CPU_GPU_CV 2463mW/1778mW VDD_SOC 2548mW/2396mW
09-09-2026 00:05:21 RAM 2054/7620MB (lfb 18x4MB) SWAP 388/3810MB (cached 1MB) CPU [4%@1728,5%@1728,3%@1728,4%@1728,0%@1728,12%@1728] GR3D_FREQ 0% cpu@56.187C soc2@55.468C soc0@55.656C gpu@56.781C tj@56.937C soc1@56.937C VDD_IN 8332mW/7240mW VDD_CPU_GPU_CV 2503mW/1785mW VDD_SOC 2548mW/2397mW
09-09-2026 00:05:22 RAM 2055/7620MB (lfb 18x4MB) SWAP 388/3810MB (cached 1MB) CPU [0%@1728,0%@1728,3%@1728,0%@1728,0%@1728,7%@1728] GR3D_FREQ 60% cpu@56.343C soc2@56.062C soc0@55.75C gpu@56.75C tj@56.937C soc1@57C VDD_IN 7806mW/7245mW VDD_CPU_GPU_CV 2180mW/1788mW VDD_SOC 2507mW/2398mW
09-09-2026 00:05:23 RAM 2059/7620MB (lfb 18x4MB) SWAP 388/3810MB (cached 1MB) CPU [1%@1728,0%@1728,1%@1728,0%@1728,0%@1728,5%@1728] GR3D_FREQ 0% cpu@56.125C soc2@55.312C soc0@55.625C gpu@56.593C tj@56.937C soc1@56.937C VDD_IN 7049mW/7243mW VDD_CPU_GPU_CV 1658mW/1787mW VDD_SOC 2386mW/2398mW
09-09-2026 00:05:24 RAM 2059/7620MB (lfb 18x4MB) SWAP 388/3810MB (cached 1MB) CPU [0%@1728,0%@1728,0%@1728,0%@1728,0%@1728,5%@1728] GR3D_FREQ 0% cpu@56.156C soc2@55.312C soc0@55.437C gpu@56.562C tj@57C soc1@57C VDD_IN 6927mW/7240mW VDD_CPU_GPU_CV 1577mW/1785mW VDD_SOC 2345mW/2398mW
09-09-2026 00:05:25 RAM 2064/7620MB (lfb 18x4MB) SWAP 388/3810MB (cached 1MB) CPU [11%@1728,7%@1728,15%@1728,10%@1728,5%@1728,9%@1728] GR3D_FREQ 87% cpu@56.687C soc2@55.906C soc0@55.75C gpu@57.031C tj@57.062C soc1@57.062C VDD_IN 8574mW/7253mW VDD_CPU_GPU_CV 2705mW/1794mW VDD_SOC 2588mW/2399mW
09-09-2026 00:05:26 RAM 2064/7620MB (lfb 18x4MB) SWAP 388/3810MB (cached 1MB) CPU [11%@1728,1%@1728,8%@1728,11%@1728,1%@1728,0%@1728] GR3D_FREQ 0% cpu@56.187C soc2@55.531C soc0@55.531C gpu@56.937C tj@57.125C soc1@57.125C VDD_IN 7494mW/7255mW VDD_CPU_GPU_CV 1978mW/1795mW VDD_SOC 2426mW/2400mW
09-09-2026 00:05:27 RAM 2064/7620MB (lfb 18x4MB) SWAP 388/3810MB (cached 1MB) CPU [6%@1728,1%@1728,18%@1728,8%@1728,0%@1728,0%@1728] GR3D_FREQ 0% cpu@56.593C soc2@55.531C soc0@55.625C gpu@57C tj@57C soc1@56.906C VDD_IN 7251mW/7255mW VDD_CPU_GPU_CV 1820mW/1796mW VDD_SOC 2386mW/2399mW
09-09-2026 00:05:28 RAM 2067/7620MB (lfb 18x4MB) SWAP 388/3810MB (cached 1MB) CPU [16%@1728,16%@1728,1%@1728,1%@1728,0%@1728,0%@1728] GR3D_FREQ 0% cpu@56.218C soc2@55.343C soc0@55.593C gpu@56.937C tj@56.937C soc1@56.906C VDD_IN 7211mW/7254mW VDD_CPU_GPU_CV 1779mW/1795mW VDD_SOC 2386mW/2399mW
09-09-2026 00:05:29 RAM 2072/7620MB (lfb 18x4MB) SWAP 388/3810MB (cached 1MB) CPU [2%@1728,16%@1728,17%@1728,3%@1728,0%@1728,0%@1728] GR3D_FREQ 0% cpu@56.281C soc2@55.5C soc0@55.75C gpu@57.031C tj@57.093C soc1@57.093C VDD_IN 8049mW/7261mW VDD_CPU_GPU_CV 2342mW/1800mW VDD_SOC 2507mW/2400mW
09-09-2026 00:05:30 RAM 2072/7620MB (lfb 18x4MB) SWAP 388/3810MB (cached 1MB) CPU [12%@1728,5%@1728,10%@1728,16%@1728,0%@1728,0%@1728] GR3D_FREQ 0% cpu@56.75C soc2@55.531C soc0@55.656C gpu@57.125C tj@57.125C soc1@57.062C VDD_IN 8372mW/7271mW VDD_CPU_GPU_CV 2544mW/1807mW VDD_SOC 2548mW/2402mW
09-09-2026 00:05:31 RAM 2072/7620MB (lfb 18x4MB) SWAP 388/3810MB (cached 1MB) CPU [11%@1728,8%@1728,15%@1728,6%@1728,0%@1728,0%@1728] GR3D_FREQ 0% cpu@56.406C soc2@55.531C soc0@55.593C gpu@57.062C tj@57.125C soc1@57.125C VDD_IN 7494mW/7273mW VDD_CPU_GPU_CV 1978mW/1808mW VDD_SOC 2426mW/2402mW
09-09-2026 00:05:32 RAM 2072/7620MB (lfb 18x4MB) SWAP 388/3810MB (cached 1MB) CPU [3%@1728,4%@1728,17%@1728,9%@1728,6%@1728,0%@1728] GR3D_FREQ 0% cpu@56.437C soc2@55.75C soc0@55.781C gpu@57.187C tj@57.187C soc1@57C VDD_IN 8979mW/7288mW VDD_CPU_GPU_CV 2948mW/1818mW VDD_SOC 2669mW/2404mW
09-09-2026 00:05:33 RAM 2078/7620MB (lfb 18x4MB) SWAP 388/3810MB (cached 1MB) CPU [4%@1728,4%@1728,10%@1728,8%@1728,0%@1728,3%@1728] GR3D_FREQ 0% cpu@56.218C soc2@55.593C soc0@55.687C gpu@56.718C tj@57.031C soc1@57.031C VDD_IN 7575mW/7291mW VDD_CPU_GPU_CV 2019mW/1820mW VDD_SOC 2426mW/2404mW
09-09-2026 00:05:34 RAM 2079/7620MB (lfb 18x4MB) SWAP 388/3810MB (cached 1MB) CPU [21%@1728,1%@1728,4%@1728,0%@1728,0%@1728,0%@1728] GR3D_FREQ 0% cpu@56.281C soc2@55.437C soc0@55.718C gpu@56.656C tj@57C soc1@57C VDD_IN 7211mW/7290mW VDD_CPU_GPU_CV 1739mW/1819mW VDD_SOC 2386mW/2404mW
09-09-2026 00:05:35 RAM 2079/7620MB (lfb 18x4MB) SWAP 388/3810MB (cached 1MB) CPU [15%@1728,6%@1728,3%@1728,1%@1728,3%@1728,0%@1728] GR3D_FREQ 98% cpu@56.656C soc2@56.343C soc0@55.968C gpu@56.875C tj@57.093C soc1@57.093C VDD_IN 8170mW/7297mW VDD_CPU_GPU_CV 2423mW/1824mW VDD_SOC 2548mW/2405mW
09-09-2026 00:05:36 RAM 2082/7620MB (lfb 18x4MB) SWAP 388/3810MB (cached 1MB) CPU [4%@1728,2%@1728,12%@1728,9%@1728,0%@1728,0%@1728] GR3D_FREQ 0% cpu@56.343C soc2@55.718C soc0@55.781C gpu@56.718C tj@57.125C soc1@57.125C VDD_IN 8615mW/7308mW VDD_CPU_GPU_CV 2705mW/1832mW VDD_SOC 2588mW/2407mW
09-09-2026 00:05:37 RAM 2081/7620MB (lfb 18x4MB) SWAP 388/3810MB (cached 1MB) CPU [4%@1728,9%@1728,0%@1728,3%@1728,4%@1728,3%@1728] GR3D_FREQ 3% cpu@56.468C soc2@55.843C soc0@55.718C gpu@56.75C tj@57.25C soc1@57.25C VDD_IN 7846mW/7313mW VDD_CPU_GPU_CV 2221mW/1835mW VDD_SOC 2507mW/2408mW
09-09-2026 00:05:38 RAM 2096/7620MB (lfb 18x4MB) SWAP 388/3810MB (cached 1MB) CPU [2%@1728,3%@1728,0%@1728,2%@1728,5%@1728,1%@1728] GR3D_FREQ 0% cpu@56.187C soc2@55.531C soc0@55.781C gpu@56.687C tj@57.062C soc1@57.062C VDD_IN 7413mW/7314mW VDD_CPU_GPU_CV 1857mW/1835mW VDD_SOC 2426mW/2408mW
09-09-2026 00:05:39 RAM 2096/7620MB (lfb 18x4MB) SWAP 388/3810MB (cached 1MB) CPU [1%@1728,1%@1728,1%@1728,0%@1728,0%@1728,0%@1728] GR3D_FREQ 0% cpu@56.156C soc2@55.5C soc0@55.625C gpu@56.656C tj@57C soc1@57C VDD_IN 6968mW/7311mW VDD_CPU_GPU_CV 1577mW/1833mW VDD_SOC 2345mW/2407mW
09-09-2026 00:05:40 RAM 2097/7620MB (lfb 18x4MB) SWAP 388/3810MB (cached 1MB) CPU [30%@1728,2%@1728,4%@1728,1%@1728,1%@1728,0%@1728] GR3D_FREQ 0% cpu@56.718C soc2@55.468C soc0@55.812C gpu@56.75C tj@57.031C soc1@57.031C VDD_IN 7332mW/7311mW VDD_CPU_GPU_CV 1860mW/1833mW VDD_SOC 2386mW/2407mW
09-09-2026 00:05:41 RAM 2097/7620MB (lfb 18x4MB) SWAP 388/3810MB (cached 1MB) CPU [32%@1728,1%@1728,9%@1728,0%@1728,1%@1728,2%@1728] GR3D_FREQ 0% cpu@56.406C soc2@55.562C soc0@55.812C gpu@56.75C tj@57.062C soc1@57.062C VDD_IN 7332mW/7311mW VDD_CPU_GPU_CV 1860mW/1834mW VDD_SOC 2386mW/2407mW
09-09-2026 00:05:42 RAM 2097/7620MB (lfb 18x4MB) SWAP 388/3810MB (cached 1MB) CPU [4%@1728,0%@1728,37%@1728,1%@1728,1%@1728,2%@1728] GR3D_FREQ 0% cpu@56.875C soc2@55.625C soc0@55.718C gpu@56.875C tj@57.125C soc1@57.125C VDD_IN 8210mW/7318mW VDD_CPU_GPU_CV 2463mW/1839mW VDD_SOC 2548mW/2408mW
09-09-2026 00:05:43 RAM 2098/7620MB (lfb 18x4MB) SWAP 388/3810MB (cached 1MB) CPU [12%@1728,14%@1728,14%@1728,4%@1728,3%@1728,2%@1728] GR3D_FREQ 0% cpu@56.312C soc2@55.625C soc0@55.781C gpu@56.906C tj@57.218C soc1@57.218C VDD_IN 8534mW/7328mW VDD_CPU_GPU_CV 2665mW/1845mW VDD_SOC 2588mW/2410mW
09-09-2026 00:05:44 RAM 2098/7620MB (lfb 18x4MB) SWAP 388/3810MB (cached 1MB) CPU [15%@1728,12%@1728,18%@1728,1%@1728,5%@1728,2%@1728] GR3D_FREQ 0% cpu@56.375C soc2@55.843C soc0@55.875C gpu@57.031C tj@57.343C soc1@57.343C VDD_IN 8777mW/7339mW VDD_CPU_GPU_CV 2826mW/1853mW VDD_SOC 2629mW/2411mW
09-09-2026 00:05:45 RAM 2098/7620MB (lfb 18x4MB) SWAP 388/3810MB (cached 1MB) CPU [23%@1728,0%@1728,9%@1728,0%@1728,2%@1728,1%@1728] GR3D_FREQ 0% cpu@56.875C soc2@55.718C soc0@55.906C gpu@56.906C tj@57.125C soc1@57.125C VDD_IN 8089mW/7345mW VDD_CPU_GPU_CV 2382mW/1857mW VDD_SOC 2507mW/2412mW
09-09-2026 00:05:46 RAM 2098/7620MB (lfb 18x4MB) SWAP 388/3810MB (cached 1MB) CPU [3%@1728,0%@1728,27%@1728,4%@1728,9%@1728,0%@1728] GR3D_FREQ 0% cpu@56.593C soc2@55.718C soc0@55.968C gpu@57.031C tj@57.25C soc1@57.25C VDD_IN 8777mW/7356mW VDD_CPU_GPU_CV 2826mW/1865mW VDD_SOC 2629mW/2414mW
09-09-2026 00:05:47 RAM 2099/7620MB (lfb 18x4MB) SWAP 388/3810MB (cached 1MB) CPU [3%@1728,10%@1728,6%@1728,2%@1728,6%@1728,7%@1728] GR3D_FREQ 0% cpu@56.781C soc2@55.812C soc0@56.187C gpu@57.093C tj@57.25C soc1@57.25C VDD_IN 9141mW/7370mW VDD_CPU_GPU_CV 3064mW/1874mW VDD_SOC 2665mW/2416mW
09-09-2026 00:05:48 RAM 2098/7620MB (lfb 18x4MB) SWAP 388/3810MB (cached 1MB) CPU [1%@1728,3%@1728,7%@1728,7%@1728,3%@1728,1%@1728] GR3D_FREQ 0% cpu@56.468C soc2@55.656C soc0@55.75C gpu@57C tj@57.25C soc1@57.25C VDD_IN 7332mW/7370mW VDD_CPU_GPU_CV 1820mW/1873mW VDD_SOC 2426mW/2416mW
09-09-2026 00:05:49 RAM 2098/7620MB (lfb 18x4MB) SWAP 388/3810MB (cached 1MB) CPU [5%@1728,3%@1728,0%@1728,0%@1728,7%@1728,7%@1728] GR3D_FREQ 0% cpu@56.468C soc2@55.937C soc0@55.968C gpu@57.156C tj@57.343C soc1@57.343C VDD_IN 9141mW/7383mW VDD_CPU_GPU_CV 3024mW/1882mW VDD_SOC 2665mW/2418mW
09-09-2026 00:05:50 RAM 2098/7620MB (lfb 18x4MB) SWAP 388/3810MB (cached 1MB) CPU [0%@1728,0%@1728,0%@1728,0%@1728,4%@1728,3%@1728] GR3D_FREQ 0% cpu@56.343C soc2@55.687C soc0@55.968C gpu@57.062C tj@57.406C soc1@57.406C VDD_IN 7737mW/7386mW VDD_CPU_GPU_CV 2099mW/1884mW VDD_SOC 2467mW/2418mW
09-09-2026 00:05:51 RAM 2098/7620MB (lfb 18x4MB) SWAP 388/3810MB (cached 1MB) CPU [3%@1728,0%@1728,0%@1728,0%@1728,0%@1728,2%@1728] GR3D_FREQ 72% cpu@56.468C soc2@56.5C soc0@56C gpu@57.156C tj@57.156C soc1@57.156C VDD_IN 7778mW/7389mW VDD_CPU_GPU_CV 2180mW/1886mW VDD_SOC 2507mW/2419mW
09-09-2026 00:05:52 RAM 2098/7620MB (lfb 18x4MB) SWAP 388/3810MB (cached 1MB) CPU [0%@1728,0%@1728,0%@1728,0%@1728,0%@1728,0%@1728] GR3D_FREQ 0% cpu@56.25C soc2@55.5C soc0@55.875C gpu@56.937C tj@57.218C soc1@57.218C VDD_IN 6968mW/7386mW VDD_CPU_GPU_CV 1577mW/1884mW VDD_SOC 2386mW/2418mW
09-09-2026 00:05:53 RAM 2098/7620MB (lfb 18x4MB) SWAP 388/3810MB (cached 1MB) CPU [0%@1728,1%@1728,0%@1728,0%@1728,0%@1728,0%@1728] GR3D_FREQ 0% cpu@56.312C soc2@55.562C soc0@55.906C gpu@57C tj@57.156C soc1@57.156C VDD_IN 6887mW/7382mW VDD_CPU_GPU_CV 1537mW/1881mW VDD_SOC 2349mW/2418mW
09-09-2026 00:05:54 RAM 2098/7620MB (lfb 18x4MB) SWAP 388/3810MB (cached 1MB) CPU [0%@1728,0%@1728,0%@1728,0%@1728,0%@1728,3%@1728] GR3D_FREQ 0% cpu@56.343C soc2@55.562C soc0@55.781C gpu@56.906C tj@57.25C soc1@57.25C VDD_IN 6887mW/7378mW VDD_CPU_GPU_CV 1537mW/1879mW VDD_SOC 2349mW/2417mW
09-09-2026 00:05:55 RAM 2098/7620MB (lfb 18x4MB) SWAP 388/3810MB (cached 1MB) CPU [0%@1728,0%@1728,0%@1728,0%@1728,0%@1728,0%@1728] GR3D_FREQ 0% cpu@56.281C soc2@55.593C soc0@55.718C gpu@56.906C tj@57.25C soc1@57.25C VDD_IN 6846mW/7375mW VDD_CPU_GPU_CV 1537mW/1876mW VDD_SOC 2349mW/2417mW
09-09-2026 00:05:56 RAM 2098/7620MB (lfb 18x4MB) SWAP 388/3810MB (cached 1MB) CPU [0%@1728,0%@1728,0%@1728,0%@1728,0%@1728,0%@1728] GR3D_FREQ 0% cpu@56.156C soc2@55.531C soc0@55.687C gpu@56.906C tj@57.25C soc1@57.25C VDD_IN 6846mW/7371mW VDD_CPU_GPU_CV 1537mW/1874mW VDD_SOC 2345mW/2416mW
09-09-2026 00:05:57 RAM 2098/7620MB (lfb 18x4MB) SWAP 388/3810MB (cached 1MB) CPU [0%@1728,0%@1728,0%@1728,0%@1728,0%@1728,0%@1728] GR3D_FREQ 0% cpu@56.156C soc2@55.531C soc0@55.687C gpu@56.843C tj@57.125C soc1@57.125C VDD_IN 6846mW/7367mW VDD_CPU_GPU_CV 1537mW/1871mW VDD_SOC 2349mW/2416mW
09-09-2026 00:05:58 RAM 2098/7620MB (lfb 18x4MB) SWAP 388/3810MB (cached 1MB) CPU [0%@1728,1%@1728,0%@1728,0%@1728,0%@1728,0%@1728] GR3D_FREQ 0% cpu@56.312C soc2@55.343C soc0@55.812C gpu@56.812C tj@57.093C soc1@57.093C VDD_IN 6887mW/7364mW VDD_CPU_GPU_CV 1537mW/1869mW VDD_SOC 2349mW/2415mW
09-09-2026 00:05:59 RAM 2098/7620MB (lfb 18x4MB) SWAP 388/3810MB (cached 1MB) CPU [0%@1728,0%@1728,0%@1728,0%@1728,0%@1728,0%@1728] GR3D_FREQ 0% cpu@56.156C soc2@55.437C soc0@55.812C gpu@56.875C tj@57.031C soc1@57.031C VDD_IN 6846mW/7360mW VDD_CPU_GPU_CV 1537mW/1867mW VDD_SOC 2349mW/2415mW
09-09-2026 00:06:00 RAM 2098/7620MB (lfb 18x4MB) SWAP 388/3810MB (cached 1MB) CPU [0%@1728,0%@1728,0%@1728,0%@1728,0%@1728,0%@1728] GR3D_FREQ 0% cpu@56.281C soc2@55.343C soc0@55.843C gpu@56.906C tj@57.156C soc1@57.156C VDD_IN 6846mW/7356mW VDD_CPU_GPU_CV 1537mW/1864mW VDD_SOC 2345mW/2415mW
09-09-2026 00:06:01 RAM 2099/7620MB (lfb 18x4MB) SWAP 388/3810MB (cached 1MB) CPU [3%@1728,0%@1728,0%@1728,0%@1728,0%@1728,0%@1728] GR3D_FREQ 0% cpu@56C soc2@55.468C soc0@55.656C gpu@56.875C tj@57.125C soc1@57.125C VDD_IN 6846mW/7353mW VDD_CPU_GPU_CV 1537mW/1862mW VDD_SOC 2349mW/2414mW
09-09-2026 00:06:02 RAM 2099/7620MB (lfb 18x4MB) SWAP 388/3810MB (cached 1MB) CPU [0%@1728,0%@1728,0%@1728,0%@1728,0%@1728,0%@1728] GR3D_FREQ 0% cpu@56.375C soc2@55.5C soc0@55.656C gpu@56.906C tj@57.218C soc1@57.218C VDD_IN 6846mW/7349mW VDD_CPU_GPU_CV 1537mW/1860mW VDD_SOC 2349mW/2414mW
09-09-2026 00:06:03 RAM 2099/7620MB (lfb 18x4MB) SWAP 388/3810MB (cached 1MB) CPU [0%@1728,2%@1728,0%@1728,0%@1728,0%@1728,0%@1728] GR3D_FREQ 0% cpu@56C soc2@55.437C soc0@55.656C gpu@56.968C tj@57.031C soc1@57.031C VDD_IN 6887mW/7346mW VDD_CPU_GPU_CV 1537mW/1857mW VDD_SOC 2349mW/2413mW
09-09-2026 00:06:04 RAM 2099/7620MB (lfb 18x4MB) SWAP 388/3810MB (cached 1MB) CPU [0%@1728,0%@1728,0%@1728,0%@1728,0%@1728,0%@1728] GR3D_FREQ 0% cpu@56.125C soc2@55.5C soc0@55.656C gpu@56.968C tj@57C soc1@57C VDD_IN 6846mW/7343mW VDD_CPU_GPU_CV 1537mW/1855mW VDD_SOC 2349mW/2413mW
09-09-2026 00:06:05 RAM 2099/7620MB (lfb 18x4MB) SWAP 388/3810MB (cached 1MB) CPU [0%@1728,0%@1728,0%@1728,0%@1728,0%@1728,0%@1728] GR3D_FREQ 0% cpu@56.031C soc2@55.406C soc0@55.625C gpu@56.937C tj@57C soc1@57C VDD_IN 6846mW/7339mW VDD_CPU_GPU_CV 1537mW/1853mW VDD_SOC 2349mW/2412mW
09-09-2026 00:06:06 RAM 2099/7620MB (lfb 18x4MB) SWAP 388/3810MB (cached 1MB) CPU [0%@1728,0%@1728,0%@1728,0%@1728,0%@1728,0%@1728] GR3D_FREQ 0% cpu@56.187C soc2@55.437C soc0@55.718C gpu@56.906C tj@57.062C soc1@57.062C VDD_IN 6846mW/7336mW VDD_CPU_GPU_CV 1537mW/1851mW VDD_SOC 2349mW/2412mW
09-09-2026 00:06:07 RAM 2099/7620MB (lfb 18x4MB) SWAP 388/3810MB (cached 1MB) CPU [0%@1728,0%@1728,0%@1728,0%@1728,0%@1728,0%@1728] GR3D_FREQ 0% cpu@56.343C soc2@55.343C soc0@55.562C gpu@56.937C tj@57C soc1@57C VDD_IN 6846mW/7333mW VDD_CPU_GPU_CV 1537mW/1849mW VDD_SOC 2349mW/2411mW
09-09-2026 00:06:08 RAM 2099/7620MB (lfb 18x4MB) SWAP 388/3810MB (cached 1MB) CPU [0%@1728,0%@1728,0%@1728,0%@1728,0%@1728,0%@1728] GR3D_FREQ 0% cpu@56.062C soc2@55.375C soc0@55.593C gpu@56.937C tj@57.093C soc1@57.093C VDD_IN 6887mW/7330mW VDD_CPU_GPU_CV 1537mW/1847mW VDD_SOC 2349mW/2411mW
09-09-2026 00:06:09 RAM 2099/7620MB (lfb 18x4MB) SWAP 388/3810MB (cached 1MB) CPU [0%@1728,0%@1728,0%@1728,0%@1728,0%@1728,0%@1728] GR3D_FREQ 0% cpu@56.156C soc2@55.375C soc0@55.593C gpu@56.968C tj@57.062C soc1@57.062C VDD_IN 6846mW/7327mW VDD_CPU_GPU_CV 1537mW/1845mW VDD_SOC 2349mW/2411mW
09-09-2026 00:06:10 RAM 2099/7620MB (lfb 18x4MB) SWAP 388/3810MB (cached 1MB) CPU [0%@1728,0%@1728,0%@1728,0%@1728,0%@1728,0%@1728] GR3D_FREQ 0% cpu@55.968C soc2@55.406C soc0@55.687C gpu@56.968C tj@57.218C soc1@57.218C VDD_IN 6846mW/7324mW VDD_CPU_GPU_CV 1537mW/1843mW VDD_SOC 2349mW/2410mW
09-09-2026 00:06:11 RAM 2099/7620MB (lfb 18x4MB) SWAP 388/3810MB (cached 1MB) CPU [0%@1728,0%@1728,0%@1728,0%@1728,0%@1728,0%@1728] GR3D_FREQ 0% cpu@56.187C soc2@55.375C soc0@55.562C gpu@56.968C tj@56.968C soc1@56.937C VDD_IN 6846mW/7320mW VDD_CPU_GPU_CV 1537mW/1841mW VDD_SOC 2349mW/2410mW
09-09-2026 00:06:12 RAM 2099/7620MB (lfb 18x4MB) SWAP 388/3810MB (cached 1MB) CPU [0%@1728,0%@1728,0%@1728,0%@1728,0%@1728,0%@1728] GR3D_FREQ 0% cpu@55.968C soc2@55.312C soc0@55.593C gpu@56.968C tj@56.968C soc1@56.937C VDD_IN 6846mW/7317mW VDD_CPU_GPU_CV 1537mW/1839mW VDD_SOC 2349mW/2409mW
09-09-2026 00:06:13 RAM 2099/7620MB (lfb 18x4MB) SWAP 388/3810MB (cached 1MB) CPU [0%@1728,0%@1728,0%@1728,0%@1728,0%@1728,0%@1728] GR3D_FREQ 0% cpu@56.031C soc2@55.281C soc0@55.687C gpu@56.531C tj@56.937C soc1@56.937C VDD_IN 6887mW/7315mW VDD_CPU_GPU_CV 1537mW/1837mW VDD_SOC 2349mW/2409mW
09-09-2026 00:06:14 RAM 2099/7620MB (lfb 18x4MB) SWAP 388/3810MB (cached 1MB) CPU [0%@1728,0%@1728,0%@1728,0%@1728,0%@1728,0%@1728] GR3D_FREQ 0% cpu@56.062C soc2@55.312C soc0@55.468C gpu@56.562C tj@57C soc1@57C VDD_IN 6846mW/7312mW VDD_CPU_GPU_CV 1537mW/1835mW VDD_SOC 2349mW/2409mW
09-09-2026 00:06:15 RAM 2099/7620MB (lfb 18x4MB) SWAP 388/3810MB (cached 1MB) CPU [0%@1728,0%@1728,0%@1728,0%@1728,0%@1728,0%@1728] GR3D_FREQ 0% cpu@56.125C soc2@55.281C soc0@55.468C gpu@56.562C tj@56.968C soc1@56.968C VDD_IN 6846mW/7309mW VDD_CPU_GPU_CV 1537mW/1833mW VDD_SOC 2345mW/2408mW
09-09-2026 00:06:16 RAM 2099/7620MB (lfb 18x4MB) SWAP 388/3810MB (cached 1MB) CPU [1%@1728,0%@1728,0%@1728,0%@1728,0%@1728,0%@1728] GR3D_FREQ 0% cpu@55.906C soc2@55.343C soc0@55.5C gpu@56.5C tj@57.062C soc1@57.062C VDD_IN 6846mW/7306mW VDD_CPU_GPU_CV 1537mW/1831mW VDD_SOC 2345mW/2408mW
09-09-2026 00:06:17 RAM 2099/7620MB (lfb 18x4MB) SWAP 388/3810MB (cached 1MB) CPU [0%@1728,0%@1728,0%@1728,0%@1728,0%@1728,0%@1728] GR3D_FREQ 0% cpu@56C soc2@55.312C soc0@55.468C gpu@56.562C tj@56.906C soc1@56.906C VDD_IN 6846mW/7303mW VDD_CPU_GPU_CV 1537mW/1829mW VDD_SOC 2349mW/2408mW
09-09-2026 00:06:18 RAM 2101/7620MB (lfb 18x4MB) SWAP 388/3810MB (cached 1MB) CPU [3%@1728,2%@1728,0%@1728,1%@1728,0%@1728,0%@1728] GR3D_FREQ 0% cpu@55.875C soc2@55.281C soc0@55.531C gpu@56.5C tj@56.812C soc1@56.812C VDD_IN 6887mW/7300mW VDD_CPU_GPU_CV 1537mW/1828mW VDD_SOC 2345mW/2407mW
09-09-2026 00:06:19 RAM 2101/7620MB (lfb 18x4MB) SWAP 388/3810MB (cached 1MB) CPU [0%@1728,0%@1728,0%@1728,0%@1728,0%@1728,0%@1728] GR3D_FREQ 0% cpu@55.875C soc2@55.312C soc0@55.656C gpu@56.468C tj@56.968C soc1@56.968C VDD_IN 6846mW/7298mW VDD_CPU_GPU_CV 1537mW/1826mW VDD_SOC 2349mW/2407mW
09-09-2026 00:06:20 RAM 2101/7620MB (lfb 18x4MB) SWAP 388/3810MB (cached 1MB) CPU [0%@1728,0%@1728,0%@1728,0%@1728,0%@1728,0%@1728] GR3D_FREQ 0% cpu@56.187C soc2@55.281C soc0@55.687C gpu@56.5C tj@56.875C soc1@56.875C VDD_IN 6846mW/7295mW VDD_CPU_GPU_CV 1537mW/1824mW VDD_SOC 2349mW/2406mW
09-09-2026 00:06:21 RAM 2106/7620MB (lfb 18x4MB) SWAP 388/3810MB (cached 1MB) CPU [0%@1728,0%@1728,1%@1728,0%@1728,0%@1728,0%@1728] GR3D_FREQ 0% cpu@55.812C soc2@55.281C soc0@55.406C gpu@56.531C tj@56.906C soc1@56.875C VDD_IN 6887mW/7292mW VDD_CPU_GPU_CV 1537mW/1822mW VDD_SOC 2345mW/2406mW
09-09-2026 00:06:22 RAM 2106/7620MB (lfb 18x4MB) SWAP 388/3810MB (cached 1MB) CPU [0%@1728,0%@1728,0%@1728,0%@1728,0%@1728,0%@1728] GR3D_FREQ 0% cpu@56.187C soc2@55.25C soc0@55.406C gpu@56.562C tj@57.031C soc1@57.031C VDD_IN 6846mW/7290mW VDD_CPU_GPU_CV 1537mW/1821mW VDD_SOC 2349mW/2406mW
09-09-2026 00:06:23 RAM 2108/7620MB (lfb 18x4MB) SWAP 388/3810MB (cached 1MB) CPU [1%@1728,0%@1728,0%@1728,0%@1728,0%@1728,0%@1728] GR3D_FREQ 0% cpu@55.906C soc2@55.281C soc0@55.437C gpu@56.5C tj@56.812C soc1@56.812C VDD_IN 6846mW/7287mW VDD_CPU_GPU_CV 1537mW/1819mW VDD_SOC 2349mW/2405mW
09-09-2026 00:06:24 RAM 2108/7620MB (lfb 18x4MB) SWAP 388/3810MB (cached 1MB) CPU [0%@1728,0%@1728,0%@1728,0%@1728,0%@1728,0%@1728] GR3D_FREQ 0% cpu@55.875C soc2@55.312C soc0@55.375C gpu@56.5C tj@56.812C soc1@56.812C VDD_IN 6846mW/7284mW VDD_CPU_GPU_CV 1537mW/1817mW VDD_SOC 2349mW/2405mW
09-09-2026 00:06:25 RAM 2108/7620MB (lfb 18x4MB) SWAP 388/3810MB (cached 1MB) CPU [0%@1728,0%@1728,1%@1728,0%@1728,0%@1728,0%@1728] GR3D_FREQ 0% cpu@55.875C soc2@55.187C soc0@55.468C gpu@56.531C tj@56.781C soc1@56.781C VDD_IN 6846mW/7282mW VDD_CPU_GPU_CV 1537mW/1816mW VDD_SOC 2349mW/2405mW
09-09-2026 00:06:26 RAM 2116/7620MB (lfb 18x4MB) SWAP 388/3810MB (cached 1MB) CPU [10%@1728,5%@1728,2%@1728,10%@1728,3%@1728,4%@1728] GR3D_FREQ 0% cpu@56.25C soc2@55.281C soc0@55.562C gpu@56.468C tj@56.843C soc1@56.843C VDD_IN 7332mW/7282mW VDD_CPU_GPU_CV 1820mW/1816mW VDD_SOC 2386mW/2405mW
09-09-2026 00:06:27 RAM 2143/7620MB (lfb 18x4MB) SWAP 388/3810MB (cached 1MB) CPU [44%@1728,16%@1728,8%@1728,29%@1728,7%@1728,5%@1728] GR3D_FREQ 0% cpu@56.5C soc2@55.437C soc0@55.343C gpu@56.593C tj@56.937C soc1@56.937C VDD_IN 7778mW/7285mW VDD_CPU_GPU_CV 2180mW/1818mW VDD_SOC 2426mW/2405mW
09-09-2026 00:06:28 RAM 2318/7620MB (lfb 18x4MB) SWAP 388/3810MB (cached 1MB) CPU [9%@1728,91%@1728,7%@1728,7%@1728,8%@1728,7%@1728] GR3D_FREQ 0% cpu@56.25C soc2@55.437C soc0@55.437C gpu@56.656C tj@57C soc1@57C VDD_IN 7887mW/7288mW VDD_CPU_GPU_CV 2261mW/1820mW VDD_SOC 2426mW/2405mW
09-09-2026 00:06:29 RAM 2706/7620MB (lfb 7x4MB) SWAP 388/3810MB (cached 1MB) CPU [6%@1728,77%@1728,0%@1728,0%@1728,0%@1728,0%@1728] GR3D_FREQ 2% cpu@56.281C soc2@55.281C soc0@55.437C gpu@56.656C tj@57.062C soc1@57.062C VDD_IN 8089mW/7293mW VDD_CPU_GPU_CV 2342mW/1823mW VDD_SOC 2467mW/2405mW
09-09-2026 00:06:30 RAM 3301/7620MB (lfb 20x2MB) SWAP 388/3810MB (cached 1MB) CPU [3%@1728,99%@1728,0%@1728,0%@1728,0%@1728,0%@1728] GR3D_FREQ 3% cpu@56.343C soc2@55.312C soc0@55.625C gpu@56.718C tj@56.937C soc1@56.937C VDD_IN 8170mW/7298mW VDD_CPU_GPU_CV 2382mW/1827mW VDD_SOC 2467mW/2406mW
09-09-2026 00:06:31 RAM 4757/7620MB (lfb 256x1MB) SWAP 388/3810MB (cached 1MB) CPU [1%@1728,100%@1728,0%@1728,0%@1728,0%@1728,0%@1728] GR3D_FREQ 0% cpu@56.437C soc2@55.437C soc0@55.593C gpu@56.75C tj@57C soc1@57C VDD_IN 8413mW/7305mW VDD_CPU_GPU_CV 2221mW/1829mW VDD_SOC 2629mW/2407mW
09-09-2026 00:06:32 RAM 4374/7620MB (lfb 1x2MB) SWAP 388/3810MB (cached 1MB) CPU [7%@1728,100%@1728,9%@1728,5%@1728,5%@1728,17%@1728] GR3D_FREQ 0% cpu@57.312C soc2@55.531C soc0@55.656C gpu@56.687C tj@57.312C soc1@57C VDD_IN 8494mW/7311mW VDD_CPU_GPU_CV 2584mW/1833mW VDD_SOC 2548mW/2408mW
09-09-2026 00:06:33 RAM 4414/7620MB (lfb 215x1MB) SWAP 388/3810MB (cached 1MB) CPU [9%@1728,20%@1728,20%@1728,17%@1728,67%@1728,32%@1728] GR3D_FREQ 99% cpu@56.281C soc2@55.687C soc0@55.656C gpu@57.031C tj@57.031C soc1@57C VDD_IN 8898mW/7320mW VDD_CPU_GPU_CV 2907mW/1839mW VDD_SOC 2588mW/2409mW
09-09-2026 00:06:34 RAM 4518/7620MB (lfb 215x1MB) SWAP 388/3810MB (cached 1MB) CPU [5%@1728,0%@1728,0%@1728,0%@1728,0%@1728,74%@1728] GR3D_FREQ 0% cpu@56.718C soc2@55.593C soc0@55.718C gpu@56.906C tj@57.156C soc1@57.156C VDD_IN 8655mW/7328mW VDD_CPU_GPU_CV 2705mW/1844mW VDD_SOC 2588mW/2410mW
09-09-2026 00:06:35 RAM 4559/7620MB (lfb 215x1MB) SWAP 388/3810MB (cached 1MB) CPU [2%@1728,0%@1728,0%@1728,0%@1728,0%@1728,94%@1728] GR3D_FREQ 39% cpu@56.437C soc2@55.843C soc0@55.812C gpu@57.031C tj@57.156C soc1@57.156C VDD_IN 9100mW/7338mW VDD_CPU_GPU_CV 2983mW/1851mW VDD_SOC 2669mW/2411mW
09-09-2026 00:06:36 RAM 4575/7620MB (lfb 215x1MB) SWAP 388/3810MB (cached 1MB) CPU [2%@1728,0%@1728,0%@1728,0%@1728,0%@1728,96%@1728] GR3D_FREQ 24% cpu@56.5C soc2@55.593C soc0@55.843C gpu@57.125C tj@57.125C soc1@57.093C VDD_IN 8939mW/7347mW VDD_CPU_GPU_CV 2867mW/1856mW VDD_SOC 2629mW/2412mW
09-09-2026 00:06:37 RAM 4586/7620MB (lfb 215x1MB) SWAP 388/3810MB (cached 1MB) CPU [0%@1728,0%@1728,0%@1728,0%@1728,0%@1728,97%@1728] GR3D_FREQ 56% cpu@56.656C soc2@55.531C soc0@55.812C gpu@56.968C tj@57.125C soc1@57.125C VDD_IN 8210mW/7352mW VDD_CPU_GPU_CV 2463mW/1860mW VDD_SOC 2467mW/2413mW
09-09-2026 00:06:38 RAM 4582/7620MB (lfb 215x1MB) SWAP 388/3810MB (cached 1MB) CPU [8%@1728,1%@1728,0%@1728,0%@1728,0%@1728,76%@1728] GR3D_FREQ 22% cpu@56.531C soc2@55.75C soc0@56.062C gpu@57.093C tj@57.125C soc1@57.125C VDD_IN 8858mW/7360mW VDD_CPU_GPU_CV 3190mW/1867mW VDD_SOC 2467mW/2413mW
09-09-2026 00:06:39 RAM 4581/7620MB (lfb 215x1MB) SWAP 388/3810MB (cached 1MB) CPU [18%@1728,11%@1728,34%@1728,20%@1728,16%@1728,39%@1728] GR3D_FREQ 99% cpu@56.593C soc2@55.968C soc0@56.031C gpu@57.531C tj@57.531C soc1@57.281C VDD_IN 10580mW/7378mW VDD_CPU_GPU_CV 4025mW/1879mW VDD_SOC 2786mW/2415mW
09-09-2026 00:06:40 RAM 4588/7620MB (lfb 215x1MB) SWAP 388/3810MB (cached 1MB) CPU [0%@1728,7%@1728,44%@1728,0%@1728,0%@1728,0%@1728] GR3D_FREQ 40% cpu@57.187C soc2@56.406C soc0@56.312C gpu@57.75C tj@57.75C soc1@57.312C VDD_IN 12317mW/7405mW VDD_CPU_GPU_CV 4709mW/1894mW VDD_SOC 3225mW/2419mW
09-09-2026 00:06:41 RAM 4603/7620MB (lfb 215x1MB) SWAP 388/3810MB (cached 1MB) CPU [0%@1728,33%@1728,40%@1728,0%@1728,0%@1728,0%@1728] GR3D_FREQ 0% cpu@56.875C soc2@56.062C soc0@56.218C gpu@57.437C tj@57.468C soc1@57.468C VDD_IN 9828mW/7418mW VDD_CPU_GPU_CV 3306mW/1902mW VDD_SOC 2826mW/2422mW
09-09-2026 00:06:42 RAM 4617/7620MB (lfb 215x1MB) SWAP 388/3810MB (cached 1MB) CPU [0%@1728,87%@1728,0%@1728,5%@1728,11%@1728,0%@1728] GR3D_FREQ 4% cpu@56.968C soc2@55.812C soc0@56.093C gpu@57.312C tj@57.312C soc1@57.312C VDD_IN 8332mW/7423mW VDD_CPU_GPU_CV 2423mW/1905mW VDD_SOC 2548mW/2422mW
09-09-2026 00:06:43 RAM 4626/7620MB (lfb 215x1MB) SWAP 388/3810MB (cached 1MB) CPU [1%@1728,6%@1728,1%@1728,3%@1728,82%@1728,1%@1728] GR3D_FREQ 32% cpu@57.156C soc2@55.968C soc0@56.218C gpu@57.531C tj@57.531C soc1@57.375C VDD_IN 9545mW/7434mW VDD_CPU_GPU_CV 3104mW/1911mW VDD_SOC 2786mW/2424mW
09-09-2026 00:06:44 RAM 4701/7620MB (lfb 215x1MB) SWAP 388/3810MB (cached 1MB) CPU [21%@1728,4%@1728,3%@1728,8%@1728,73%@1728,7%@1728] GR3D_FREQ 0% cpu@57.687C soc2@56C soc0@56.031C gpu@57.156C tj@57.687C soc1@57.437C VDD_IN 8696mW/7441mW VDD_CPU_GPU_CV 2786mW/1916mW VDD_SOC 2548mW/2425mW
09-09-2026 00:06:45 RAM 4800/7620MB (lfb 215x1MB) SWAP 388/3810MB (cached 1MB) CPU [2%@1728,1%@1728,8%@1728,0%@1728,100%@1728,9%@1728] GR3D_FREQ 0% cpu@57.375C soc2@55.843C soc0@56.031C gpu@57.125C tj@57.468C soc1@57.468C VDD_IN 7927mW/7443mW VDD_CPU_GPU_CV 2301mW/1918mW VDD_SOC 2426mW/2425mW
09-09-2026 00:06:46 RAM 4844/7620MB (lfb 215x1MB) SWAP 388/3810MB (cached 1MB) CPU [23%@1728,0%@1728,0%@1728,1%@1728,77%@1728,0%@1728] GR3D_FREQ 0% cpu@57.031C soc2@56.062C soc0@55.968C gpu@57.062C tj@57.468C soc1@57.468C VDD_IN 7778mW/7445mW VDD_CPU_GPU_CV 2221mW/1920mW VDD_SOC 2426mW/2425mW
09-09-2026 00:06:47 RAM 4990/7620MB (lfb 215x1MB) SWAP 388/3810MB (cached 1MB) CPU [100%@1728,0%@1728,0%@1728,0%@1728,0%@1728,0%@1728] GR3D_FREQ 0% cpu@56.968C soc2@56.062C soc0@55.968C gpu@57.093C tj@57.343C soc1@57.343C VDD_IN 7818mW/7447mW VDD_CPU_GPU_CV 2180mW/1921mW VDD_SOC 2426mW/2425mW
09-09-2026 00:06:48 RAM 5132/7620MB (lfb 215x1MB) SWAP 388/3810MB (cached 1MB) CPU [10%@1728,96%@1728,3%@1728,1%@1728,83%@1728,0%@1728] GR3D_FREQ 0% cpu@57.062C soc2@56C soc0@55.968C gpu@57.187C tj@57.406C soc1@57.406C VDD_IN 8372mW/7452mW VDD_CPU_GPU_CV 2705mW/1925mW VDD_SOC 2426mW/2425mW
09-09-2026 00:06:49 RAM 5249/7620MB (lfb 120x1MB) SWAP 388/3810MB (cached 1MB) CPU [0%@1728,100%@1728,0%@1728,0%@1728,70%@1728,0%@1728] GR3D_FREQ 0% cpu@57.468C soc2@56.062C soc0@56.125C gpu@57.25C tj@57.468C soc1@57.406C VDD_IN 8494mW/7457mW VDD_CPU_GPU_CV 2786mW/1929mW VDD_SOC 2426mW/2425mW
09-09-2026 00:06:50 RAM 5323/7620MB (lfb 4x2MB) SWAP 388/3810MB (cached 1MB) CPU [38%@1728,26%@1728,11%@1728,12%@1728,70%@1728,51%@1728] GR3D_FREQ 0% cpu@57.406C soc2@56.093C soc0@56.25C gpu@57.281C tj@57.468C soc1@57.468C VDD_IN 8655mW/7464mW VDD_CPU_GPU_CV 2907mW/1935mW VDD_SOC 2467mW/2425mW
09-09-2026 00:06:51 RAM 5324/7620MB (lfb 4x2MB) SWAP 388/3810MB (cached 1MB) CPU [71%@1728,31%@1728,0%@1728,0%@1728,29%@1728,46%@1728] GR3D_FREQ 0% cpu@57.5C soc2@56.156C soc0@55.968C gpu@57.281C tj@57.562C soc1@57.562C VDD_IN 8413mW/7469mW VDD_CPU_GPU_CV 2746mW/1939mW VDD_SOC 2467mW/2425mW
09-09-2026 00:06:52 RAM 5325/7620MB (lfb 4x2MB) SWAP 388/3810MB (cached 1MB) CPU [1%@1728,100%@1728,0%@1728,0%@1728,57%@1728,22%@1728] GR3D_FREQ 0% cpu@57.25C soc2@56.031C soc0@55.968C gpu@57.343C tj@57.531C soc1@57.531C VDD_IN 8372mW/7473mW VDD_CPU_GPU_CV 2705mW/1943mW VDD_SOC 2467mW/2426mW
09-09-2026 00:06:53 RAM 5327/7620MB (lfb 4x2MB) SWAP 388/3810MB (cached 1MB) CPU [0%@1728,68%@1728,7%@1728,0%@1728,1%@1728,100%@1728] GR3D_FREQ 0% cpu@56.968C soc2@55.968C soc0@56.125C gpu@57.25C tj@57.437C soc1@57.437C VDD_IN 8372mW/7478mW VDD_CPU_GPU_CV 2584mW/1946mW VDD_SOC 2467mW/2426mW
09-09-2026 00:06:54 RAM 5325/7620MB (lfb 5x2MB) SWAP 388/3810MB (cached 1MB) CPU [0%@1728,0%@1728,0%@1728,0%@1728,20%@1728,79%@1728] GR3D_FREQ 0% cpu@57.312C soc2@55.937C soc0@56.218C gpu@57.25C tj@57.468C soc1@57.468C VDD_IN 7968mW/7480mW VDD_CPU_GPU_CV 2382mW/1948mW VDD_SOC 2426mW/2426mW
09-09-2026 00:06:55 RAM 5328/7620MB (lfb 5x2MB) SWAP 388/3810MB (cached 1MB) CPU [12%@1728,8%@1728,5%@1728,11%@1728,100%@1728,7%@1728] GR3D_FREQ 0% cpu@57.5C soc2@56.062C soc0@56.125C gpu@57.25C tj@57.5C soc1@57.375C VDD_IN 8372mW/7485mW VDD_CPU_GPU_CV 2665mW/1952mW VDD_SOC 2467mW/2426mW
09-09-2026 00:06:56 RAM 5329/7620MB (lfb 5x2MB) SWAP 388/3810MB (cached 1MB) CPU [0%@1728,2%@1728,0%@1728,1%@1728,94%@1728,2%@1728] GR3D_FREQ 0% cpu@57.437C soc2@55.968C soc0@56.281C gpu@57.375C tj@57.468C soc1@57.468C VDD_IN 8534mW/7490mW VDD_CPU_GPU_CV 2665mW/1955mW VDD_SOC 2548mW/2427mW
09-09-2026 00:06:57 RAM 5332/7620MB (lfb 5x2MB) SWAP 388/3810MB (cached 1MB) CPU [0%@1728,0%@1728,0%@1728,0%@1728,100%@1728,0%@1728] GR3D_FREQ 0% cpu@57.125C soc2@56.031C soc0@56.093C gpu@57.343C tj@57.531C soc1@57.531C VDD_IN 7899mW/7492mW VDD_CPU_GPU_CV 2221mW/1957mW VDD_SOC 2467mW/2427mW
09-09-2026 00:06:58 RAM 5331/7620MB (lfb 5x2MB) SWAP 388/3810MB (cached 1MB) CPU [0%@1728,1%@1728,0%@1728,1%@1728,100%@1728,0%@1728] GR3D_FREQ 0% cpu@56.968C soc2@56C soc0@56.093C gpu@57.375C tj@57.531C soc1@57.531C VDD_IN 7778mW/7493mW VDD_CPU_GPU_CV 2221mW/1958mW VDD_SOC 2426mW/2427mW
09-09-2026 00:06:59 RAM 5331/7620MB (lfb 5x2MB) SWAP 388/3810MB (cached 1MB) CPU [1%@1728,0%@1728,0%@1728,100%@1728,0%@1728,0%@1728] GR3D_FREQ 0% cpu@57.25C soc2@56.093C soc0@56.062C gpu@57.343C tj@57.593C soc1@57.593C VDD_IN 7818mW/7495mW VDD_CPU_GPU_CV 2180mW/1959mW VDD_SOC 2426mW/2427mW
09-09-2026 00:07:00 RAM 5332/7620MB (lfb 5x2MB) SWAP 388/3810MB (cached 1MB) CPU [4%@1728,0%@1728,3%@1728,94%@1728,87%@1728,0%@1728] GR3D_FREQ 0% cpu@57.375C soc2@56.093C soc0@56.187C gpu@57.375C tj@57.468C soc1@57.468C VDD_IN 8494mW/7500mW VDD_CPU_GPU_CV 2746mW/1963mW VDD_SOC 2467mW/2427mW
09-09-2026 00:07:01 RAM 5333/7620MB (lfb 5x2MB) SWAP 388/3810MB (cached 1MB) CPU [82%@1728,13%@1728,12%@1728,27%@1728,100%@1728,18%@1728] GR3D_FREQ 0% cpu@57.625C soc2@56.281C soc0@56.156C gpu@57.531C tj@57.625C soc1@57.593C VDD_IN 8898mW/7507mW VDD_CPU_GPU_CV 3069mW/1968mW VDD_SOC 2467mW/2427mW
09-09-2026 00:07:02 RAM 5333/7620MB (lfb 5x2MB) SWAP 388/3810MB (cached 1MB) CPU [32%@1728,0%@1728,0%@1728,70%@1728,74%@1728,0%@1728] GR3D_FREQ 0% cpu@57.781C soc2@56.187C soc0@56.093C gpu@57.5C tj@57.781C soc1@57.593C VDD_IN 8574mW/7512mW VDD_CPU_GPU_CV 2867mW/1973mW VDD_SOC 2467mW/2427mW
09-09-2026 00:07:03 RAM 5332/7620MB (lfb 5x2MB) SWAP 388/3810MB (cached 1MB) CPU [0%@1728,0%@1728,0%@1728,100%@1728,75%@1728,0%@1728] GR3D_FREQ 0% cpu@57.968C soc2@56.218C soc0@56.187C gpu@57.562C tj@57.968C soc1@57.593C VDD_IN 8494mW/7517mW VDD_CPU_GPU_CV 2786mW/1977mW VDD_SOC 2467mW/2428mW
09-09-2026 00:07:04 RAM 5332/7620MB (lfb 5x2MB) SWAP 388/3810MB (cached 1MB) CPU [46%@1728,0%@1728,0%@1728,32%@1728,53%@1728,51%@1728] GR3D_FREQ 0% cpu@57.5C soc2@56.312C soc0@56.187C gpu@57.625C tj@57.656C soc1@57.781C VDD_IN 8494mW/7522mW VDD_CPU_GPU_CV 2786mW/1981mW VDD_SOC 2426mW/2428mW
09-09-2026 00:07:05 RAM 5332/7620MB (lfb 5x2MB) SWAP 388/3810MB (cached 1MB) CPU [34%@1728,0%@1728,0%@1728,0%@1728,0%@1728,100%@1728] GR3D_FREQ 0% cpu@57C soc2@56.125C soc0@56.187C gpu@57.562C tj@57.531C soc1@57.531C VDD_IN 7927mW/7524mW VDD_CPU_GPU_CV 2342mW/1982mW VDD_SOC 2426mW/2428mW
09-09-2026 00:07:06 RAM 5338/7620MB (lfb 5x2MB) SWAP 388/3810MB (cached 1MB) CPU [6%@1728,13%@1728,10%@1728,4%@1728,58%@1728,42%@1728] GR3D_FREQ 0% cpu@57.781C soc2@56.156C soc0@56.218C gpu@57.375C tj@57.781C soc1@57.562C VDD_IN 8332mW/7527mW VDD_CPU_GPU_CV 2665mW/1986mW VDD_SOC 2467mW/2428mW
09-09-2026 00:07:07 RAM 5336/7620MB (lfb 5x2MB) SWAP 388/3810MB (cached 1MB) CPU [1%@1728,3%@1728,2%@1728,10%@1728,100%@1728,8%@1728] GR3D_FREQ 0% cpu@57.375C soc2@56.156C soc0@56.312C gpu@57.343C tj@57.531C soc1@57.531C VDD_IN 7887mW/7529mW VDD_CPU_GPU_CV 2342mW/1987mW VDD_SOC 2426mW/2428mW
09-09-2026 00:07:08 RAM 5334/7620MB (lfb 5x2MB) SWAP 388/3810MB (cached 1MB) CPU [0%@1728,1%@1728,0%@1728,1%@1728,60%@1728,40%@1728] GR3D_FREQ 0% cpu@57.125C soc2@56.093C soc0@56.218C gpu@57.343C tj@57.562C soc1@57.562C VDD_IN 7778mW/7530mW VDD_CPU_GPU_CV 2221mW/1988mW VDD_SOC 2426mW/2428mW
09-09-2026 00:07:09 RAM 5334/7620MB (lfb 5x2MB) SWAP 388/3810MB (cached 1MB) CPU [31%@1728,0%@1728,0%@1728,0%@1728,0%@1728,100%@1728] GR3D_FREQ 0% cpu@57.406C soc2@56.25C soc0@56.062C gpu@57.406C tj@57.656C soc1@57.718C VDD_IN 8210mW/7533mW VDD_CPU_GPU_CV 2544mW/1991mW VDD_SOC 2426mW/2428mW
09-09-2026 00:07:10 RAM 5334/7620MB (lfb 5x2MB) SWAP 388/3810MB (cached 1MB) CPU [81%@1728,0%@1728,0%@1728,22%@1728,19%@1728,53%@1728] GR3D_FREQ 0% cpu@57.75C soc2@56.218C soc0@56.281C gpu@57.437C tj@57.75C soc1@57.75C VDD_IN 8332mW/7537mW VDD_CPU_GPU_CV 2624mW/1994mW VDD_SOC 2467mW/2428mW
09-09-2026 00:07:11 RAM 5334/7620MB (lfb 5x2MB) SWAP 388/3810MB (cached 1MB) CPU [0%@1728,1%@1728,0%@1728,100%@1728,64%@1728,12%@1728] GR3D_FREQ 0% cpu@57.437C soc2@56.281C soc0@56.25C gpu@57.468C tj@57.562C soc1@57.531C VDD_IN 8332mW/7541mW VDD_CPU_GPU_CV 2624mW/1997mW VDD_SOC 2467mW/2428mW
09-09-2026 00:07:12 RAM 5335/7620MB (lfb 5x2MB) SWAP 388/3810MB (cached 1MB) CPU [9%@1728,9%@1728,12%@1728,74%@1728,21%@1728,100%@1728] GR3D_FREQ 0% cpu@57.562C soc2@56.25C soc0@56.312C gpu@57.5C tj@57.562C soc1@57.562C VDD_IN 8655mW/7546mW VDD_CPU_GPU_CV 2786mW/2001mW VDD_SOC 2507mW/2428mW
09-09-2026 00:07:13 RAM 5334/7620MB (lfb 5x2MB) SWAP 388/3810MB (cached 1MB) CPU [97%@1728,0%@1728,1%@1728,0%@1728,3%@1728,82%@1728] GR3D_FREQ 0% cpu@57.375C soc2@56.312C soc0@56.343C gpu@57.531C tj@57.593C soc1@57.593C VDD_IN 8332mW/7550mW VDD_CPU_GPU_CV 2624mW/2004mW VDD_SOC 2467mW/2429mW
09-09-2026 00:07:14 RAM 5334/7620MB (lfb 5x2MB) SWAP 388/3810MB (cached 1MB) CPU [11%@1728,0%@1728,0%@1728,93%@1728,89%@1728,0%@1728] GR3D_FREQ 0% cpu@57.843C soc2@56.187C soc0@56.25C gpu@57.531C tj@57.75C soc1@57.75C VDD_IN 8574mW/7554mW VDD_CPU_GPU_CV 2826mW/2007mW VDD_SOC 2467mW/2429mW
09-09-2026 00:07:15 RAM 5334/7620MB (lfb 5x2MB) SWAP 388/3810MB (cached 1MB) CPU [2%@1728,0%@1728,0%@1728,100%@1728,1%@1728,0%@1728] GR3D_FREQ 0% cpu@57.5C soc2@56.281C soc0@56.218C gpu@57.5C tj@57.75C soc1@57.75C VDD_IN 7859mW/7556mW VDD_CPU_GPU_CV 2301mW/2009mW VDD_SOC 2426mW/2429mW
09-09-2026 00:07:16 RAM 5336/7620MB (lfb 4x2MB) SWAP 388/3810MB (cached 1MB) CPU [0%@1728,1%@1728,0%@1728,0%@1728,98%@1728,0%@1728] GR3D_FREQ 0% cpu@57.406C soc2@56.125C soc0@56.312C gpu@57.437C tj@57.812C soc1@57.812C VDD_IN 7818mW/7557mW VDD_CPU_GPU_CV 2221mW/2010mW VDD_SOC 2426mW/2429mW
09-09-2026 00:07:17 RAM 5335/7620MB (lfb 5x2MB) SWAP 388/3810MB (cached 1MB) CPU [0%@1728,0%@1728,0%@1728,2%@1728,100%@1728,0%@1728] GR3D_FREQ 0% cpu@57.437C soc2@56.125C soc0@56.281C gpu@57.5C tj@57.531C soc1@57.531C VDD_IN 7778mW/7558mW VDD_CPU_GPU_CV 2261mW/2011mW VDD_SOC 2386mW/2429mW
09-09-2026 00:07:18 RAM 5332/7620MB (lfb 5x2MB) SWAP 388/3810MB (cached 1MB) CPU [7%@1728,5%@1728,7%@1728,12%@1728,100%@1728,27%@1728] GR3D_FREQ 0% cpu@57.468C soc2@56.125C soc0@56.343C gpu@57.5C tj@57.562C soc1@57.562C VDD_IN 8008mW/7560mW VDD_CPU_GPU_CV 2382mW/2012mW VDD_SOC 2426mW/2429mW
09-09-2026 00:07:19 RAM 5333/7620MB (lfb 5x2MB) SWAP 388/3810MB (cached 1MB) CPU [0%@1728,0%@1728,0%@1728,0%@1728,100%@1728,0%@1728] GR3D_FREQ 0% cpu@57.375C soc2@56.093C soc0@56.343C gpu@57.562C tj@57.718C soc1@57.718C VDD_IN 7778mW/7561mW VDD_CPU_GPU_CV 2261mW/2014mW VDD_SOC 2386mW/2428mW
09-09-2026 00:07:20 RAM 5333/7620MB (lfb 5x2MB) SWAP 388/3810MB (cached 1MB) CPU [0%@1728,0%@1728,0%@1728,0%@1728,100%@1728,0%@1728] GR3D_FREQ 0% cpu@57.625C soc2@56.156C soc0@56.468C gpu@57.5C tj@57.656C soc1@57.656C VDD_IN 7818mW/7562mW VDD_CPU_GPU_CV 2221mW/2014mW VDD_SOC 2426mW/2428mW
09-09-2026 00:07:21 RAM 5333/7620MB (lfb 5x2MB) SWAP 388/3810MB (cached 1MB) CPU [0%@1728,0%@1728,0%@1728,0%@1728,100%@1728,0%@1728] GR3D_FREQ 0% cpu@57.281C soc2@56.187C soc0@56.312C gpu@57.531C tj@57.562C soc1@57.562C VDD_IN 7778mW/7563mW VDD_CPU_GPU_CV 2221mW/2015mW VDD_SOC 2386mW/2428mW
09-09-2026 00:07:22 RAM 5333/7620MB (lfb 5x2MB) SWAP 388/3810MB (cached 1MB) CPU [0%@1728,0%@1728,1%@1728,0%@1728,99%@1728,0%@1728] GR3D_FREQ 12% cpu@57.343C soc2@56.375C soc0@56.281C gpu@57.593C tj@57.687C soc1@57.687C VDD_IN 7887mW/7565mW VDD_CPU_GPU_CV 2301mW/2017mW VDD_SOC 2467mW/2428mW
09-09-2026 00:07:23 RAM 5351/7620MB (lfb 2x1MB) SWAP 388/3810MB (cached 1MB) CPU [12%@1728,10%@1728,15%@1728,15%@1728,99%@1728,5%@1728] GR3D_FREQ 0% cpu@57.562C soc2@56.25C soc0@56.25C gpu@57.625C tj@57.625C soc1@57.593C VDD_IN 8453mW/7569mW VDD_CPU_GPU_CV 2665mW/2020mW VDD_SOC 2467mW/2429mW
09-09-2026 00:07:24 RAM 5361/7620MB (lfb 2x1MB) SWAP 388/3810MB (cached 1MB) CPU [0%@1728,0%@1728,0%@1728,0%@1728,100%@1728,0%@1728] GR3D_FREQ 0% cpu@57.375C soc2@56.156C soc0@56.281C gpu@57.593C tj@57.625C soc1@57.625C VDD_IN 7859mW/7570mW VDD_CPU_GPU_CV 2221mW/2020mW VDD_SOC 2426mW/2429mW
09-09-2026 00:07:25 RAM 5363/7620MB (lfb 1x1MB) SWAP 388/3810MB (cached 1MB) CPU [0%@1728,0%@1728,1%@1728,0%@1728,100%@1728,0%@1728] GR3D_FREQ 0% cpu@57.593C soc2@56.125C soc0@56.343C gpu@57.625C tj@57.625C soc1@57.593C VDD_IN 7818mW/7571mW VDD_CPU_GPU_CV 2261mW/2021mW VDD_SOC 2426mW/2429mW
09-09-2026 00:07:26 RAM 5363/7620MB (lfb 1x1MB) SWAP 388/3810MB (cached 1MB) CPU [83%@1728,0%@1728,0%@1728,0%@1728,17%@1728,0%@1728] GR3D_FREQ 0% cpu@57.343C soc2@56.406C soc0@56.281C gpu@57.593C tj@57.625C soc1@57.625C VDD_IN 7818mW/7572mW VDD_CPU_GPU_CV 2221mW/2022mW VDD_SOC 2426mW/2429mW
09-09-2026 00:07:27 RAM 5363/7620MB (lfb 1x1MB) SWAP 388/3810MB (cached 1MB) CPU [31%@1728,72%@1728,0%@1728,0%@1728,69%@1728,0%@1728] GR3D_FREQ 0% cpu@57.718C soc2@56.281C soc0@56.25C gpu@57.656C tj@57.718C soc1@57.656C VDD_IN 8494mW/7576mW VDD_CPU_GPU_CV 2786mW/2026mW VDD_SOC 2467mW/2429mW
09-09-2026 00:07:28 RAM 5370/7620MB (lfb 1x1MB) SWAP 388/3810MB (cached 1MB) CPU [0%@1728,44%@1728,63%@1728,1%@1728,75%@1728,1%@1728] GR3D_FREQ 0% cpu@57.937C soc2@56.312C soc0@56.312C gpu@57.781C tj@57.937C soc1@57.875C VDD_IN 8574mW/7580mW VDD_CPU_GPU_CV 2826mW/2029mW VDD_SOC 2467mW/2429mW
09-09-2026 00:07:29 RAM 5376/7620MB (lfb 1x1MB) SWAP 388/3810MB (cached 1MB) CPU [13%@1728,21%@1728,100%@1728,19%@1728,86%@1728,13%@1728] GR3D_FREQ 0% cpu@58.312C soc2@56.343C soc0@56.343C gpu@57.5C tj@58.312C soc1@57.687C VDD_IN 9100mW/7587mW VDD_CPU_GPU_CV 3225mW/2034mW VDD_SOC 2507mW/2429mW
09-09-2026 00:07:30 RAM 5376/7620MB (lfb 1x1MB) SWAP 388/3810MB (cached 1MB) CPU [33%@1728,0%@1728,42%@1728,0%@1728,66%@1728,44%@1728] GR3D_FREQ 0% cpu@57.781C soc2@56.468C soc0@56.437C gpu@57.5C tj@57.781C soc1@57.687C VDD_IN 8534mW/7591mW VDD_CPU_GPU_CV 2826mW/2038mW VDD_SOC 2467mW/2429mW
09-09-2026 00:07:31 RAM 5376/7620MB (lfb 1x1MB) SWAP 388/3810MB (cached 1MB) CPU [58%@1728,0%@1728,33%@1728,0%@1728,0%@1728,100%@1728] GR3D_FREQ 0% cpu@58.031C soc2@56.406C soc0@56.375C gpu@57.5C tj@58.031C soc1@57.718C VDD_IN 8534mW/7595mW VDD_CPU_GPU_CV 2786mW/2041mW VDD_SOC 2467mW/2430mW
09-09-2026 00:07:32 RAM 5376/7620MB (lfb 1x1MB) SWAP 388/3810MB (cached 1MB) CPU [0%@1728,0%@1728,100%@1728,0%@1728,0%@1728,58%@1728] GR3D_FREQ 0% cpu@58.031C soc2@56.25C soc0@56.25C gpu@57.562C tj@58.031C soc1@57.781C VDD_IN 8089mW/7597mW VDD_CPU_GPU_CV 2423mW/2043mW VDD_SOC 2426mW/2430mW
09-09-2026 00:07:33 RAM 5380/7620MB (lfb 1x1MB) SWAP 388/3810MB (cached 1MB) CPU [1%@1728,0%@1728,66%@1728,0%@1728,33%@1728,0%@1728] GR3D_FREQ 0% cpu@57.406C soc2@56.281C soc0@56.312C gpu@57.531C tj@57.812C soc1@57.812C VDD_IN 7818mW/7598mW VDD_CPU_GPU_CV 2261mW/2043mW VDD_SOC 2426mW/2429mW
09-09-2026 00:07:34 RAM 5383/7620MB (lfb 1x1MB) SWAP 388/3810MB (cached 1MB) CPU [4%@1728,3%@1728,4%@1728,9%@1728,100%@1728,2%@1728] GR3D_FREQ 0% cpu@57.937C soc2@56.312C soc0@56.406C gpu@57.531C tj@57.968C soc1@57.968C VDD_IN 8251mW/7601mW VDD_CPU_GPU_CV 2503mW/2045mW VDD_SOC 2467mW/2430mW
09-09-2026 00:07:35 RAM 5384/7620MB (lfb 1x1MB) SWAP 388/3810MB (cached 1MB) CPU [10%@1728,4%@1728,8%@1728,4%@1728,100%@1728,2%@1728] GR3D_FREQ 0% cpu@57.468C soc2@56.25C soc0@56.375C gpu@57.531C tj@57.656C soc1@57.656C VDD_IN 7859mW/7602mW VDD_CPU_GPU_CV 2301mW/2046mW VDD_SOC 2426mW/2430mW
09-09-2026 00:07:36 RAM 5384/7620MB (lfb 1x1MB) SWAP 388/3810MB (cached 1MB) CPU [0%@1728,0%@1728,0%@1728,0%@1728,100%@1728,0%@1728] GR3D_FREQ 14% cpu@57.468C soc2@56.218C soc0@56.406C gpu@57.5C tj@57.718C soc1@57.718C VDD_IN 7887mW/7603mW VDD_CPU_GPU_CV 2301mW/2048mW VDD_SOC 2426mW/2430mW
09-09-2026 00:07:37 RAM 5388/7620MB (lfb 1x1MB) SWAP 388/3810MB (cached 1MB) CPU [25%@1728,15%@1728,11%@1728,10%@1728,97%@1728,6%@1728] GR3D_FREQ 0% cpu@57.656C soc2@56.25C soc0@56.468C gpu@57.625C tj@57.75C soc1@57.75C VDD_IN 8696mW/7608mW VDD_CPU_GPU_CV 2786mW/2051mW VDD_SOC 2548mW/2430mW
09-09-2026 00:07:38 RAM 5394/7620MB (lfb 1x1MB) SWAP 388/3810MB (cached 1MB) CPU [75%@1728,1%@1728,1%@1728,2%@1728,22%@1728,5%@1728] GR3D_FREQ 0% cpu@57.343C soc2@56.375C soc0@56.312C gpu@57.625C tj@57.812C soc1@57.812C VDD_IN 8089mW/7610mW VDD_CPU_GPU_CV 2382mW/2052mW VDD_SOC 2467mW/2430mW
09-09-2026 00:07:39 RAM 5398/7620MB (lfb 1x1MB) SWAP 388/3810MB (cached 1MB) CPU [0%@1728,1%@1728,1%@1728,0%@1728,98%@1728,6%@1728] GR3D_FREQ 1% cpu@57.5C soc2@56.281C soc0@56.375C gpu@57.562C tj@57.812C soc1@57.812C VDD_IN 8089mW/7612mW VDD_CPU_GPU_CV 2342mW/2053mW VDD_SOC 2467mW/2430mW
09-09-2026 00:07:40 RAM 5400/7620MB (lfb 1x1MB) SWAP 388/3810MB (cached 1MB) CPU [8%@1728,20%@1728,4%@1728,6%@1728,32%@1728,83%@1728] GR3D_FREQ 4% cpu@57.187C soc2@56.343C soc0@56.375C gpu@57.625C tj@57.906C soc1@57.906C VDD_IN 8372mW/7615mW VDD_CPU_GPU_CV 2503mW/2055mW VDD_SOC 2507mW/2431mW
09-09-2026 00:07:41 RAM 5405/7620MB (lfb 3x512kB) SWAP 388/3810MB (cached 1MB) CPU [0%@1728,6%@1728,0%@1728,0%@1728,60%@1728,38%@1728] GR3D_FREQ 0% cpu@57.281C soc2@56.25C soc0@56.437C gpu@57.593C tj@57.718C soc1@57.718C VDD_IN 8089mW/7617mW VDD_CPU_GPU_CV 2342mW/2056mW VDD_SOC 2467mW/2431mW
09-09-2026 00:07:42 RAM 5431/7620MB (lfb 15x256kB) SWAP 388/3810MB (cached 1MB) CPU [0%@1728,7%@1728,1%@1728,1%@1728,98%@1728,0%@1728] GR3D_FREQ 1% cpu@57.468C soc2@56.281C soc0@56.562C gpu@57.625C tj@57.75C soc1@57.75C VDD_IN 8130mW/7619mW VDD_CPU_GPU_CV 2342mW/2057mW VDD_SOC 2507mW/2431mW
09-09-2026 00:07:43 RAM 5462/7620MB (lfb 9x256kB) SWAP 388/3810MB (cached 1MB) CPU [3%@1728,7%@1728,0%@1728,3%@1728,97%@1728,0%@1728] GR3D_FREQ 4% cpu@57.781C soc2@56.218C soc0@56.312C gpu@57.687C tj@57.812C soc1@57.812C VDD_IN 8210mW/7621mW VDD_CPU_GPU_CV 2423mW/2059mW VDD_SOC 2507mW/2432mW
09-09-2026 00:07:44 RAM 5492/7620MB (lfb 6x256kB) SWAP 388/3810MB (cached 1MB) CPU [0%@1728,5%@1728,2%@1728,0%@1728,45%@1728,53%@1728] GR3D_FREQ 0% cpu@57.343C soc2@56.281C soc0@56.343C gpu@57.687C tj@57.812C soc1@57.812C VDD_IN 8130mW/7623mW VDD_CPU_GPU_CV 2342mW/2060mW VDD_SOC 2507mW/2432mW
09-09-2026 00:07:45 RAM 5527/7620MB (lfb 8x256kB) SWAP 388/3810MB (cached 1MB) CPU [11%@1728,12%@1728,8%@1728,17%@1728,88%@1728,23%@1728] GR3D_FREQ 0% cpu@57.906C soc2@56.468C soc0@56.406C gpu@57.75C tj@57.906C soc1@57.843C VDD_IN 8655mW/7627mW VDD_CPU_GPU_CV 2746mW/2063mW VDD_SOC 2548mW/2432mW
09-09-2026 00:07:46 RAM 5566/7620MB (lfb 8x256kB) SWAP 388/3810MB (cached 1MB) CPU [10%@1728,4%@1728,7%@1728,2%@1728,33%@1728,69%@1728] GR3D_FREQ 0% cpu@57.25C soc2@56.312C soc0@56.343C gpu@57.75C tj@57.781C soc1@57.781C VDD_IN 8130mW/7629mW VDD_CPU_GPU_CV 2382mW/2064mW VDD_SOC 2467mW/2432mW
09-09-2026 00:07:47 RAM 5595/7620MB (lfb 2x512kB) SWAP 388/3810MB (cached 1MB) CPU [4%@1728,0%@1728,1%@1728,4%@1728,0%@1728,97%@1728] GR3D_FREQ 2% cpu@57.156C soc2@56.156C soc0@56.5C gpu@57.781C tj@57.781C soc1@57.687C VDD_IN 8130mW/7631mW VDD_CPU_GPU_CV 2382mW/2065mW VDD_SOC 2507mW/2433mW
09-09-2026 00:07:48 RAM 5643/7620MB (lfb 2x512kB) SWAP 388/3810MB (cached 1MB) CPU [7%@1728,0%@1728,5%@1728,2%@1728,0%@1728,97%@1728] GR3D_FREQ 0% cpu@57.281C soc2@56.312C soc0@56.562C gpu@57.75C tj@57.75C soc1@57.75C VDD_IN 8170mW/7634mW VDD_CPU_GPU_CV 2382mW/2067mW VDD_SOC 2507mW/2433mW
09-09-2026 00:07:49 RAM 5668/7620MB (lfb 2x512kB) SWAP 388/3810MB (cached 1MB) CPU [5%@1728,0%@1728,1%@1728,1%@1728,0%@1728,98%@1728] GR3D_FREQ 0% cpu@57.375C soc2@56.281C soc0@56.593C gpu@57.718C tj@57.781C soc1@57.781C VDD_IN 8089mW/7635mW VDD_CPU_GPU_CV 2342mW/2068mW VDD_SOC 2467mW/2433mW
09-09-2026 00:07:50 RAM 5697/7620MB (lfb 8x256kB) SWAP 388/3810MB (cached 1MB) CPU [5%@1728,6%@1728,1%@1728,0%@1728,0%@1728,96%@1728] GR3D_FREQ 8% cpu@57.5C soc2@56.281C soc0@56.406C gpu@57.781C tj@57.781C soc1@57.75C VDD_IN 8170mW/7637mW VDD_CPU_GPU_CV 2382mW/2069mW VDD_SOC 2507mW/2433mW
09-09-2026 00:07:51 RAM 5735/7620MB (lfb 7x256kB) SWAP 388/3810MB (cached 1MB) CPU [5%@1728,15%@1728,9%@1728,9%@1728,6%@1728,97%@1728] GR3D_FREQ 2% cpu@57.281C soc2@56.218C soc0@56.437C gpu@57.843C tj@57.906C soc1@57.906C VDD_IN 8413mW/7641mW VDD_CPU_GPU_CV 2584mW/2071mW VDD_SOC 2507mW/2434mW
09-09-2026 00:07:52 RAM 5761/7620MB (lfb 6x256kB) SWAP 388/3810MB (cached 1MB) CPU [6%@1728,9%@1728,17%@1728,6%@1728,78%@1728,27%@1728] GR3D_FREQ 4% cpu@57.5C soc2@56.343C soc0@56.468C gpu@57.562C tj@57.781C soc1@57.781C VDD_IN 8251mW/7643mW VDD_CPU_GPU_CV 2463mW/2072mW VDD_SOC 2507mW/2434mW
09-09-2026 00:07:53 RAM 5806/7620MB (lfb 12x256kB) SWAP 388/3810MB (cached 1MB) CPU [5%@1728,5%@1728,2%@1728,2%@1728,97%@1728,0%@1728] GR3D_FREQ 1% cpu@57.531C soc2@56.218C soc0@56.531C gpu@57.562C tj@57.812C soc1@57.812C VDD_IN 8170mW/7645mW VDD_CPU_GPU_CV 2382mW/2074mW VDD_SOC 2507mW/2434mW
09-09-2026 00:07:54 RAM 5823/7620MB (lfb 19x256kB) SWAP 388/3810MB (cached 1MB) CPU [5%@1728,0%@1728,0%@1728,3%@1728,45%@1728,57%@1728] GR3D_FREQ 0% cpu@57.281C soc2@56.281C soc0@56.5C gpu@57.531C tj@57.75C soc1@57.75C VDD_IN 8089mW/7647mW VDD_CPU_GPU_CV 2382mW/2075mW VDD_SOC 2467mW/2434mW
09-09-2026 00:07:55 RAM 5870/7620MB (lfb 17x256kB) SWAP 388/3810MB (cached 1MB) CPU [7%@1728,1%@1728,5%@1728,1%@1728,0%@1728,97%@1728] GR3D_FREQ 3% cpu@57.5C soc2@56.25C soc0@56.593C gpu@57.531C tj@57.812C soc1@57.812C VDD_IN 8170mW/7649mW VDD_CPU_GPU_CV 2382mW/2076mW VDD_SOC 2507mW/2435mW
09-09-2026 00:07:56 RAM 5906/7620MB (lfb 1x512kB) SWAP 388/3810MB (cached 1MB) CPU [5%@1728,2%@1728,1%@1728,2%@1728,0%@1728,97%@1728] GR3D_FREQ 8% cpu@57.218C soc2@56.312C soc0@56.375C gpu@57.562C tj@57.812C soc1@57.812C VDD_IN 8210mW/7651mW VDD_CPU_GPU_CV 2423mW/2077mW VDD_SOC 2507mW/2435mW
09-09-2026 00:07:57 RAM 5942/7620MB (lfb 15x256kB) SWAP 388/3810MB (cached 1MB) CPU [19%@1728,17%@1728,23%@1728,12%@1728,48%@1728,53%@1728] GR3D_FREQ 5% cpu@57.718C soc2@56.406C soc0@56.406C gpu@57.656C tj@57.906C soc1@57.906C VDD_IN 8736mW/7655mW VDD_CPU_GPU_CV 2826mW/2080mW VDD_SOC 2548mW/2435mW
09-09-2026 00:07:58 RAM 5975/7620MB (lfb 15x256kB) SWAP 389/3810MB (cached 1MB) CPU [4%@1728,3%@1728,1%@1728,5%@1728,58%@1728,40%@1728] GR3D_FREQ 1% cpu@57.156C soc2@56.375C soc0@56.468C gpu@57.687C tj@57.968C soc1@57.968C VDD_IN 8210mW/7657mW VDD_CPU_GPU_CV 2423mW/2082mW VDD_SOC 2507mW/2436mW
09-09-2026 00:07:59 RAM 5993/7620MB (lfb 21x256kB) SWAP 390/3810MB (cached 1MB) CPU [6%@1728,0%@1728,1%@1728,5%@1728,55%@1728,42%@1728] GR3D_FREQ 0% cpu@57.5C soc2@56.312C soc0@56.437C gpu@57.656C tj@57.812C soc1@57.812C VDD_IN 8130mW/7659mW VDD_CPU_GPU_CV 2382mW/2083mW VDD_SOC 2507mW/2436mW
09-09-2026 00:08:00 RAM 6045/7620MB (lfb 21x256kB) SWAP 390/3810MB (cached 1MB) CPU [3%@1728,0%@1728,3%@1728,10%@1728,6%@1728,91%@1728] GR3D_FREQ 17% cpu@57.375C soc2@56.281C soc0@56.562C gpu@57.656C tj@57.812C soc1@57.812C VDD_IN 8210mW/7661mW VDD_CPU_GPU_CV 2423mW/2084mW VDD_SOC 2507mW/2436mW
09-09-2026 00:08:01 RAM 6045/7620MB (lfb 3x512kB) SWAP 391/3810MB (cached 1MB) CPU [7%@1728,2%@1728,3%@1728,3%@1728,62%@1728,37%@1728] GR3D_FREQ 0% cpu@57.5C soc2@56.343C soc0@56.531C gpu@57.687C tj@57.812C soc1@57.812C VDD_IN 8130mW/7663mW VDD_CPU_GPU_CV 2382mW/2085mW VDD_SOC 2467mW/2436mW
09-09-2026 00:08:02 RAM 6115/7620MB (lfb 3x512kB) SWAP 391/3810MB (cached 1MB) CPU [0%@1728,0%@1728,4%@1728,6%@1728,0%@1728,97%@1728] GR3D_FREQ 3% cpu@57.375C soc2@56.312C soc0@56.437C gpu@57.718C tj@57.781C soc1@57.781C VDD_IN 8130mW/7665mW VDD_CPU_GPU_CV 2342mW/2086mW VDD_SOC 2507mW/2437mW
09-09-2026 00:08:03 RAM 6160/7620MB (lfb 5x512kB) SWAP 391/3810MB (cached 1MB) CPU [26%@1728,11%@1728,12%@1728,10%@1728,65%@1728,27%@1728] GR3D_FREQ 0% cpu@57.656C soc2@56.437C soc0@56.468C gpu@57.75C tj@57.937C soc1@57.937C VDD_IN 8696mW/7669mW VDD_CPU_GPU_CV 2705mW/2088mW VDD_SOC 2548mW/2437mW
09-09-2026 00:08:04 RAM 6185/7620MB (lfb 2x512kB) SWAP 391/3810MB (cached 1MB) CPU [5%@1728,3%@1728,12%@1728,10%@1728,97%@1728,6%@1728] GR3D_FREQ 17% cpu@57.312C soc2@56.375C soc0@56.593C gpu@57.812C tj@58C soc1@58C VDD_IN 8251mW/7671mW VDD_CPU_GPU_CV 2423mW/2090mW VDD_SOC 2507mW/2437mW
09-09-2026 00:08:05 RAM 6227/7620MB (lfb 2x512kB) SWAP 391/3810MB (cached 1MB) CPU [0%@1728,0%@1728,1%@1728,6%@1728,70%@1728,26%@1728] GR3D_FREQ 0% cpu@57.312C soc2@56.343C soc0@56.468C gpu@57.812C tj@57.843C soc1@57.843C VDD_IN 8130mW/7672mW VDD_CPU_GPU_CV 2342mW/2091mW VDD_SOC 2507mW/2438mW
09-09-2026 00:08:06 RAM 6237/7620MB (lfb 2x512kB) SWAP 394/3810MB (cached 1MB) CPU [4%@1728,5%@1728,1%@1728,1%@1728,7%@1728,97%@1728] GR3D_FREQ 4% cpu@57.312C soc2@56.312C soc0@56.593C gpu@57.843C tj@57.843C soc1@57.812C VDD_IN 8170mW/7674mW VDD_CPU_GPU_CV 2423mW/2092mW VDD_SOC 2507mW/2438mW
09-09-2026 00:08:07 RAM 6361/7620MB (lfb 29x256kB) SWAP 394/3810MB (cached 1MB) CPU [0%@1728,0%@1728,0%@1728,0%@1728,4%@1728,100%@1728] GR3D_FREQ 0% cpu@57.437C soc2@56.312C soc0@56.437C gpu@57.812C tj@57.875C soc1@57.875C VDD_IN 7859mW/7675mW VDD_CPU_GPU_CV 2261mW/2093mW VDD_SOC 2426mW/2438mW
09-09-2026 00:08:08 RAM 6390/7620MB (lfb 3x512kB) SWAP 417/3810MB (cached 1MB) CPU [12%@1728,0%@1728,6%@1728,2%@1728,3%@1728,99%@1728] GR3D_FREQ 0% cpu@57.406C soc2@56.343C soc0@56.437C gpu@57.687C tj@57.875C soc1@57.875C VDD_IN 7968mW/7676mW VDD_CPU_GPU_CV 2342mW/2093mW VDD_SOC 2426mW/2438mW
09-09-2026 00:08:09 RAM 6393/7620MB (lfb 3x512kB) SWAP 417/3810MB (cached 1MB) CPU [15%@1728,14%@1728,8%@1728,15%@1728,6%@1728,100%@1728] GR3D_FREQ 0% cpu@57.25C soc2@56.375C soc0@56.375C gpu@57.937C tj@57.937C soc1@57.875C VDD_IN 8291mW/7678mW VDD_CPU_GPU_CV 2544mW/2095mW VDD_SOC 2467mW/2438mW
09-09-2026 00:08:10 RAM 6395/7620MB (lfb 3x512kB) SWAP 417/3810MB (cached 1MB) CPU [0%@1728,0%@1728,0%@1728,0%@1728,0%@1728,100%@1728] GR3D_FREQ 0% cpu@57.187C soc2@56.312C soc0@56.5C gpu@57.812C tj@57.812C soc1@57.812C VDD_IN 7846mW/7679mW VDD_CPU_GPU_CV 2261mW/2096mW VDD_SOC 2426mW/2438mW
09-09-2026 00:08:11 RAM 6395/7620MB (lfb 3x512kB) SWAP 417/3810MB (cached 1MB) CPU [0%@1728,1%@1728,50%@1728,3%@1728,1%@1728,50%@1728] GR3D_FREQ 0% cpu@57.937C soc2@56.343C soc0@56.437C gpu@57.906C tj@57.937C soc1@57.75C VDD_IN 7818mW/7679mW VDD_CPU_GPU_CV 2261mW/2096mW VDD_SOC 2426mW/2438mW
09-09-2026 00:08:12 RAM 6400/7620MB (lfb 3x512kB) SWAP 417/3810MB (cached 1MB) CPU [0%@1728,0%@1728,74%@1728,29%@1728,26%@1728,0%@1728] GR3D_FREQ 0% cpu@57.968C soc2@56.375C soc0@56.625C gpu@57.906C tj@57.968C soc1@57.75C VDD_IN 8210mW/7681mW VDD_CPU_GPU_CV 2544mW/2098mW VDD_SOC 2467mW/2438mW
09-09-2026 00:08:13 RAM 6409/7620MB (lfb 3x512kB) SWAP 417/3810MB (cached 1MB) CPU [0%@1728,2%@1728,0%@1728,100%@1728,100%@1728,9%@1728] GR3D_FREQ 0% cpu@58.5C soc2@56.468C soc0@56.375C gpu@57.937C tj@58.5C soc1@57.875C VDD_IN 8858mW/7686mW VDD_CPU_GPU_CV 2948mW/2101mW VDD_SOC 2507mW/2438mW
09-09-2026 00:08:14 RAM 6412/7620MB (lfb 3x512kB) SWAP 417/3810MB (cached 1MB) CPU [1%@1728,2%@1728,6%@1728,100%@1728,100%@1728,100%@1728] GR3D_FREQ 0% cpu@58.531C soc2@56.656C soc0@56.468C gpu@58.062C tj@58.531C soc1@57.968C VDD_IN 9828mW/7693mW VDD_CPU_GPU_CV 3548mW/2106mW VDD_SOC 2624mW/2439mW
09-09-2026 00:08:15 RAM 6418/7620MB (lfb 3x512kB) SWAP 417/3810MB (cached 1MB) CPU [19%@1728,25%@1728,100%@1728,13%@1728,100%@1728,100%@1728] GR3D_FREQ 0% cpu@58.468C soc2@56.781C soc0@56.593C gpu@57.937C tj@58.468C soc1@58.031C VDD_IN 9747mW/7701mW VDD_CPU_GPU_CV 3628mW/2112mW VDD_SOC 2584mW/2439mW
09-09-2026 00:08:16 RAM 6419/7620MB (lfb 3x512kB) SWAP 417/3810MB (cached 1MB) CPU [40%@1728,0%@1728,63%@1728,0%@1728,60%@1728,65%@1728] GR3D_FREQ 0% cpu@58.281C soc2@56.718C soc0@56.656C gpu@57.875C tj@58.281C soc1@57.875C VDD_IN 8858mW/7705mW VDD_CPU_GPU_CV 3028mW/2115mW VDD_SOC 2507mW/2440mW
09-09-2026 00:08:17 RAM 6420/7620MB (lfb 3x512kB) SWAP 417/3810MB (cached 1MB) CPU [2%@1728,2%@1728,100%@1728,0%@1728,100%@1728,24%@1728] GR3D_FREQ 0% cpu@58.437C soc2@56.656C soc0@56.656C gpu@57.937C tj@58.437C soc1@57.968C VDD_IN 9100mW/7710mW VDD_CPU_GPU_CV 3144mW/2119mW VDD_SOC 2548mW/2440mW
09-09-2026 00:08:18 RAM 6420/7620MB (lfb 3x512kB) SWAP 417/3810MB (cached 1MB) CPU [0%@1728,0%@1728,100%@1728,1%@1728,84%@1728,100%@1728] GR3D_FREQ 0% cpu@58.343C soc2@56.687C soc0@56.75C gpu@57.937C tj@58.343C soc1@58C VDD_IN 9383mW/7716mW VDD_CPU_GPU_CV 3225mW/2123mW VDD_SOC 2584mW/2440mW
09-09-2026 00:08:19 RAM 6420/7620MB (lfb 3x512kB) SWAP 417/3810MB (cached 1MB) CPU [0%@1728,0%@1728,100%@1728,0%@1728,0%@1728,100%@1728] GR3D_FREQ 0% cpu@58.156C soc2@56.593C soc0@56.781C gpu@57.875C tj@58.156C soc1@58.062C VDD_IN 8858mW/7720mW VDD_CPU_GPU_CV 2988mW/2126mW VDD_SOC 2507mW/2441mW
09-09-2026 00:08:20 RAM 6424/7620MB (lfb 1x512kB) SWAP 417/3810MB (cached 1MB) CPU [7%@1728,26%@1728,26%@1728,11%@1728,63%@1728,38%@1728] GR3D_FREQ 0% cpu@58.343C soc2@56.687C soc0@56.687C gpu@57.937C tj@58.343C soc1@58.093C VDD_IN 8696mW/7723mW VDD_CPU_GPU_CV 2907mW/2128mW VDD_SOC 2507mW/2441mW
09-09-2026 00:08:21 RAM 6432/7620MB (lfb 25x256kB) SWAP 417/3810MB (cached 1MB) CPU [0%@1728,0%@1728,0%@1728,1%@1728,99%@1728,0%@1728] GR3D_FREQ 0% cpu@57.75C soc2@56.5C soc0@56.625C gpu@57.968C tj@58.156C soc1@58.156C VDD_IN 7887mW/7724mW VDD_CPU_GPU_CV 2261mW/2129mW VDD_SOC 2426mW/2441mW
09-09-2026 00:08:22 RAM 6434/7620MB (lfb 25x256kB) SWAP 417/3810MB (cached 1MB) CPU [0%@1728,0%@1728,0%@1728,0%@1728,100%@1728,0%@1728] GR3D_FREQ 0% cpu@57.75C soc2@56.562C soc0@56.718C gpu@57.906C tj@57.937C soc1@57.937C VDD_IN 7818mW/7724mW VDD_CPU_GPU_CV 2221mW/2129mW VDD_SOC 2426mW/2441mW
09-09-2026 00:08:23 RAM 6428/7620MB (lfb 25x256kB) SWAP 419/3810MB (cached 1MB) CPU [2%@1728,0%@1728,2%@1728,0%@1728,100%@1728,0%@1728] GR3D_FREQ 0% cpu@57.718C soc2@56.343C soc0@56.718C gpu@57.875C tj@57.968C soc1@57.968C VDD_IN 7927mW/7725mW VDD_CPU_GPU_CV 2261mW/2130mW VDD_SOC 2426mW/2441mW
09-09-2026 00:08:24 RAM 6428/7620MB (lfb 25x256kB) SWAP 419/3810MB (cached 1MB) CPU [0%@1728,0%@1728,0%@1728,0%@1728,100%@1728,0%@1728] GR3D_FREQ 0% cpu@57.75C soc2@56.375C soc0@56.781C gpu@57.906C tj@57.968C soc1@57.968C VDD_IN 7818mW/7725mW VDD_CPU_GPU_CV 2261mW/2130mW VDD_SOC 2426mW/2441mW
09-09-2026 00:08:25 RAM 6427/7620MB (lfb 25x256kB) SWAP 419/3810MB (cached 1MB) CPU [4%@1728,2%@1728,3%@1728,51%@1728,50%@1728,0%@1728] GR3D_FREQ 0% cpu@57.875C soc2@56.5C soc0@56.718C gpu@57.906C tj@58.031C soc1@58.031C VDD_IN 7859mW/7726mW VDD_CPU_GPU_CV 2261mW/2131mW VDD_SOC 2426mW/2441mW
09-09-2026 00:08:26 RAM 6434/7620MB (lfb 25x256kB) SWAP 419/3810MB (cached 1MB) CPU [13%@1728,7%@1728,8%@1728,100%@1728,43%@1728,20%@1728] GR3D_FREQ 0% cpu@58.093C soc2@56.593C soc0@56.562C gpu@57.937C tj@58.093C soc1@58.062C VDD_IN 8413mW/7728mW VDD_CPU_GPU_CV 2665mW/2132mW VDD_SOC 2467mW/2441mW
09-09-2026 00:08:27 RAM 6434/7620MB (lfb 25x256kB) SWAP 419/3810MB (cached 1MB) CPU [0%@1728,0%@1728,0%@1728,100%@1728,100%@1728,12%@1728] GR3D_FREQ 0% cpu@58.531C soc2@56.687C soc0@56.687C gpu@58.062C tj@58.531C soc1@58.156C VDD_IN 8898mW/7732mW VDD_CPU_GPU_CV 2983mW/2135mW VDD_SOC 2507mW/2441mW
09-09-2026 00:08:28 RAM 6437/7620MB (lfb 25x256kB) SWAP 419/3810MB (cached 1MB) CPU [10%@1728,0%@1728,0%@1728,90%@1728,100%@1728,92%@1728] GR3D_FREQ 0% cpu@58C soc2@56.843C soc0@56.687C gpu@58.031C tj@58.031C soc1@57.968C VDD_IN 9424mW/7738mW VDD_CPU_GPU_CV 3306mW/2139mW VDD_SOC 2584mW/2441mW
09-09-2026 00:08:29 RAM 6437/7620MB (lfb 25x256kB) SWAP 419/3810MB (cached 1MB) CPU [100%@1728,0%@1728,0%@1728,91%@1728,100%@1728,0%@1728] GR3D_FREQ 0% cpu@58.656C soc2@56.937C soc0@56.687C gpu@58.218C tj@58.656C soc1@58.062C VDD_IN 9626mW/7744mW VDD_CPU_GPU_CV 3507mW/2144mW VDD_SOC 2584mW/2442mW
09-09-2026 00:08:30 RAM 6438/7620MB (lfb 25x256kB) SWAP 419/3810MB (cached 1MB) CPU [61%@1728,1%@1728,0%@1728,100%@1728,100%@1728,0%@1728] GR3D_FREQ 0% cpu@58.468C soc2@56.781C soc0@56.906C gpu@58.187C tj@58.468C soc1@58.093C VDD_IN 8979mW/7749mW VDD_CPU_GPU_CV 3104mW/2147mW VDD_SOC 2507mW/2442mW
09-09-2026 00:08:32 RAM 6435/7620MB (lfb 24x256kB) SWAP 419/3810MB (cached 1MB) CPU [13%@1728,35%@1728,9%@1728,100%@1728,100%@1728,33%@1728] GR3D_FREQ 0% cpu@58.937C soc2@57C soc0@56.718C gpu@58.25C tj@58.937C soc1@58.187C VDD_IN 9788mW/7756mW VDD_CPU_GPU_CV 3628mW/2152mW VDD_SOC 2624mW/2443mW
09-09-2026 00:08:33 RAM 6432/7620MB (lfb 24x256kB) SWAP 419/3810MB (cached 1MB) CPU [3%@1728,100%@1728,2%@1728,74%@1728,12%@1728,100%@1728] GR3D_FREQ 0% cpu@58.25C soc2@56.937C soc0@56.75C gpu@58.25C tj@58.281C soc1@58.281C VDD_IN 9343mW/7761mW VDD_CPU_GPU_CV 3225mW/2156mW VDD_SOC 2584mW/2443mW
09-09-2026 00:08:34 RAM 6437/7620MB (lfb 24x256kB) SWAP 419/3810MB (cached 1MB) CPU [1%@1728,100%@1728,0%@1728,0%@1728,0%@1728,92%@1728] GR3D_FREQ 0% cpu@57.75C soc2@56.875C soc0@56.75C gpu@58.281C tj@58.375C soc1@58.375C VDD_IN 8696mW/7764mW VDD_CPU_GPU_CV 2867mW/2158mW VDD_SOC 2507mW/2443mW
09-09-2026 00:08:35 RAM 6437/7620MB (lfb 24x256kB) SWAP 419/3810MB (cached 1MB) CPU [1%@1728,29%@1728,0%@1728,0%@1728,70%@1728,0%@1728] GR3D_FREQ 0% cpu@58.093C soc2@56.656C soc0@56.843C gpu@58.218C tj@58.218C soc1@58.156C VDD_IN 7927mW/7765mW VDD_CPU_GPU_CV 2342mW/2159mW VDD_SOC 2426mW/2443mW
09-09-2026 00:08:36 RAM 6442/7620MB (lfb 24x256kB) SWAP 419/3810MB (cached 1MB) CPU [9%@1728,0%@1728,1%@1728,1%@1728,97%@1728,0%@1728] GR3D_FREQ 0% cpu@57.781C soc2@56.656C soc0@56.812C gpu@57.843C tj@58.187C soc1@58.187C VDD_IN 8130mW/7766mW VDD_CPU_GPU_CV 2342mW/2160mW VDD_SOC 2507mW/2444mW
